C:\EE318 NXP tests\HelloWorld\frdmmcxn947_hello_world_cm33_core0_-demo\drivers/fsl_clock.h:1492:20:CLOCK_EnableClock	24	static
C:\EE318 NXP tests\HelloWorld\frdmmcxn947_hello_world_cm33_core0_-demo\drivers/fsl_port.h:360:20:PORT_SetPinConfig	32	static
C:\EE318 NXP tests\HelloWorld\frdmmcxn947_hello_world_cm33_core0_-demo\drivers/fsl_port.h:463:20:PORT_SetPinMux	24	static
../board/pin_mux.c:36:6:BOARD_InitBootPins	8	static
../board/pin_mux.c:73:6:BOARD_InitPins	40	static
../board/pin_mux.c:246:6:OLEDI2C	8	static
