Archive member included to satisfy reference by file (symbol)

C:/nxp/MCUXpressoIDE_25.6.136/ide/plugins/com.nxp.mcuxpresso.tools.win32_25.6.0.202501151204/tools/bin/../lib/gcc/arm-none-eabi/14.2.1/../../../../arm-none-eabi/lib/thumb/v8-m.main+fp/hard\libcr_nohost_nf.a(_cr__main.o)
                              ./startup/startup_mcxn947_cm33_core0.o (__main)
C:/nxp/MCUXpressoIDE_25.6.136/ide/plugins/com.nxp.mcuxpresso.tools.win32_25.6.0.202501151204/tools/bin/../lib/gcc/arm-none-eabi/14.2.1/../../../../arm-none-eabi/lib/thumb/v8-m.main+fp/hard\libcr_c.a(memset.o)
                              ./drivers/fsl_lpi2c.o (memset)
C:/nxp/MCUXpressoIDE_25.6.136/ide/plugins/com.nxp.mcuxpresso.tools.win32_25.6.0.202501151204/tools/bin/../lib/gcc/arm-none-eabi/14.2.1/../../../../arm-none-eabi/lib/thumb/v8-m.main+fp/hard\libcr_c.a(alloc.o)
                              ./drivers/fsl_common.o (malloc)
C:/nxp/MCUXpressoIDE_25.6.136/ide/plugins/com.nxp.mcuxpresso.tools.win32_25.6.0.202501151204/tools/bin/../lib/gcc/arm-none-eabi/14.2.1/../../../../arm-none-eabi/lib/thumb/v8-m.main+fp/hard\libcr_c.a(errno.o)
                              ./utilities/str/fsl_str.o (errno)
C:/nxp/MCUXpressoIDE_25.6.136/ide/plugins/com.nxp.mcuxpresso.tools.win32_25.6.0.202501151204/tools/bin/../lib/gcc/arm-none-eabi/14.2.1/../../../../arm-none-eabi/lib/thumb/v8-m.main+fp/hard\libcr_c.a(initio.o)
                              C:/nxp/MCUXpressoIDE_25.6.136/ide/plugins/com.nxp.mcuxpresso.tools.win32_25.6.0.202501151204/tools/bin/../lib/gcc/arm-none-eabi/14.2.1/../../../../arm-none-eabi/lib/thumb/v8-m.main+fp/hard\libcr_nohost_nf.a(_cr__main.o) (_initio)
C:/nxp/MCUXpressoIDE_25.6.136/ide/plugins/com.nxp.mcuxpresso.tools.win32_25.6.0.202501151204/tools/bin/../lib/gcc/arm-none-eabi/14.2.1/../../../../arm-none-eabi/lib/thumb/v8-m.main+fp/hard\libcr_c.a(printf.o)
                              ./board/shield_oled.o (_vsprintf)
C:/nxp/MCUXpressoIDE_25.6.136/ide/plugins/com.nxp.mcuxpresso.tools.win32_25.6.0.202501151204/tools/bin/../lib/gcc/arm-none-eabi/14.2.1/../../../../arm-none-eabi/lib/thumb/v8-m.main+fp/hard\libcr_c.a(scanf.o)
                              ./utilities/str/fsl_str.o (strtoul)
C:/nxp/MCUXpressoIDE_25.6.136/ide/plugins/com.nxp.mcuxpresso.tools.win32_25.6.0.202501151204/tools/bin/../lib/gcc/arm-none-eabi/14.2.1/../../../../arm-none-eabi/lib/thumb/v8-m.main+fp/hard\libcr_c.a(setvbuf.o)
                              C:/nxp/MCUXpressoIDE_25.6.136/ide/plugins/com.nxp.mcuxpresso.tools.win32_25.6.0.202501151204/tools/bin/../lib/gcc/arm-none-eabi/14.2.1/../../../../arm-none-eabi/lib/thumb/v8-m.main+fp/hard\libcr_c.a(initio.o) (setvbuf)
C:/nxp/MCUXpressoIDE_25.6.136/ide/plugins/com.nxp.mcuxpresso.tools.win32_25.6.0.202501151204/tools/bin/../lib/gcc/arm-none-eabi/14.2.1/../../../../arm-none-eabi/lib/thumb/v8-m.main+fp/hard\libcr_c.a(stdlib.o)
                              ./board/animations.o (rand)
C:/nxp/MCUXpressoIDE_25.6.136/ide/plugins/com.nxp.mcuxpresso.tools.win32_25.6.0.202501151204/tools/bin/../lib/gcc/arm-none-eabi/14.2.1/../../../../arm-none-eabi/lib/thumb/v8-m.main+fp/hard\libcr_c.a(strlen.o)
                              ./utilities/str/fsl_str.o (strlen)
C:/nxp/MCUXpressoIDE_25.6.136/ide/plugins/com.nxp.mcuxpresso.tools.win32_25.6.0.202501151204/tools/bin/../lib/gcc/arm-none-eabi/14.2.1/../../../../arm-none-eabi/lib/thumb/v8-m.main+fp/hard\libcr_c.a(ungetc.o)
                              C:/nxp/MCUXpressoIDE_25.6.136/ide/plugins/com.nxp.mcuxpresso.tools.win32_25.6.0.202501151204/tools/bin/../lib/gcc/arm-none-eabi/14.2.1/../../../../arm-none-eabi/lib/thumb/v8-m.main+fp/hard\libcr_c.a(scanf.o) (ungetc)
C:/nxp/MCUXpressoIDE_25.6.136/ide/plugins/com.nxp.mcuxpresso.tools.win32_25.6.0.202501151204/tools/bin/../lib/gcc/arm-none-eabi/14.2.1/../../../../arm-none-eabi/lib/thumb/v8-m.main+fp/hard\libcr_c.a(__fillbuf.o)
                              C:/nxp/MCUXpressoIDE_25.6.136/ide/plugins/com.nxp.mcuxpresso.tools.win32_25.6.0.202501151204/tools/bin/../lib/gcc/arm-none-eabi/14.2.1/../../../../arm-none-eabi/lib/thumb/v8-m.main+fp/hard\libcr_c.a(scanf.o) (__filbuf)
C:/nxp/MCUXpressoIDE_25.6.136/ide/plugins/com.nxp.mcuxpresso.tools.win32_25.6.0.202501151204/tools/bin/../lib/gcc/arm-none-eabi/14.2.1/../../../../arm-none-eabi/lib/thumb/v8-m.main+fp/hard\libcr_c.a(__init_alloc.o)
                              C:/nxp/MCUXpressoIDE_25.6.136/ide/plugins/com.nxp.mcuxpresso.tools.win32_25.6.0.202501151204/tools/bin/../lib/gcc/arm-none-eabi/14.2.1/../../../../arm-none-eabi/lib/thumb/v8-m.main+fp/hard\libcr_c.a(alloc.o) (__heaps)
C:/nxp/MCUXpressoIDE_25.6.136/ide/plugins/com.nxp.mcuxpresso.tools.win32_25.6.0.202501151204/tools/bin/../lib/gcc/arm-none-eabi/14.2.1/../../../../arm-none-eabi/lib/thumb/v8-m.main+fp/hard\libcr_c.a(_cr_sbrk.o)
[...]
Memory Configuration

Name             Origin             Length             Attributes
PROGRAM_FLASH0   0x00000000         0x00100000         xr
PROGRAM_FLASH1   0x00100000         0x00100000         xr
SRAM             0x20000000         0x00060000         xrw
SRAMX            0x04000000         0x00018000         xrw
SRAMH            0x20060000         0x00008000         xrw
USB_RAM          0x400ba000         0x00001000         xrw
*default*        0x00000000         0xffffffff

Linker script and memory map

LOAD ./utilities/str/fsl_str.o
LOAD ./utilities/debug_console_lite/fsl_debug_console.o
LOAD ./utilities/fsl_assert.o
LOAD ./utilities/fsl_memcpy.o
LOAD ./startup/boot_multicore_slave.o
LOAD ./startup/startup_mcxn947_cm33_core0.o
LOAD ./source/hello_world.o
LOAD ./source/semihost_hardfault.o
LOAD ./drivers/fsl_clock.o
LOAD ./drivers/fsl_common.o
LOAD ./drivers/fsl_common_arm.o
LOAD ./drivers/fsl_gpio.o
LOAD ./drivers/fsl_lpflexcomm.o
LOAD ./drivers/fsl_lpi2c.o
LOAD ./drivers/fsl_lpuart.o
LOAD ./drivers/fsl_reset.o
LOAD ./drivers/fsl_spc.o
LOAD ./device/system_MCXN947_cm33_core0.o
LOAD ./component/uart/fsl_adapter_lpuart.o
LOAD ./board/animations.o
LOAD ./board/board.o
LOAD ./board/clock_config.o
LOAD ./board/emotions.o
LOAD ./board/hardware_init.o
LOAD ./board/oled_shapes.o
LOAD ./board/peripherals.o
LOAD ./board/pin_mux.o
LOAD ./board/shield_oled.o
START GROUP
LOAD C:/nxp/MCUXpressoIDE_25.6.136/ide/plugins/com.nxp.mcuxpresso.tools.win32_25.6.0.202501151204/tools/bin/../lib/gcc/arm-none-eabi/14.2.1/../../../../arm-none-eabi/lib/thumb/v8-m.main+fp/hard\libcr_nohost_nf.a
LOAD C:/nxp/MCUXpressoIDE_25.6.136/ide/plugins/com.nxp.mcuxpresso.tools.win32_25.6.0.202501151204/tools/bin/../lib/gcc/arm-none-eabi/14.2.1/../../../../arm-none-eabi/lib/thumb/v8-m.main+fp/hard\libcr_c.a
LOAD C:/nxp/MCUXpressoIDE_25.6.136/ide/plugins/com.nxp.mcuxpresso.tools.win32_25.6.0.202501151204/tools/bin/../lib/gcc/arm-none-eabi/14.2.1/thumb/v8-m.main+fp/hard\libcr_eabihelpers.a
LOAD C:/nxp/MCUXpressoIDE_25.6.136/ide/plugins/com.nxp.mcuxpresso.tools.win32_25.6.0.202501151204/tools/bin/../lib/gcc/arm-none-eabi/14.2.1/thumb/v8-m.main+fp/hard\libgcc.a
END GROUP
                0x00000000                        __base_PROGRAM_FLASH0 = 0x0
                0x00000000                        __base_Flash = 0x0
                0x00100000                        __top_PROGRAM_FLASH0 = 0x100000
                0x00100000                        __top_Flash = 0x100000
                0x00100000                        __base_PROGRAM_FLASH1 = 0x100000
                0x00100000                        __base_Flash2 = 0x100000
                0x00200000                        __top_PROGRAM_FLASH1 = 0x200000
                0x00200000                        __top_Flash2 = 0x200000
                0x20000000                        __base_SRAM = 0x20000000
                0x20000000                        __base_RAM = 0x20000000
                0x20060000                        __top_SRAM = 0x20060000
                0x20060000                        __top_RAM = 0x20060000
                0x04000000                        __base_SRAMX = 0x4000000
                0x04000000                        __base_RAM2 = 0x4000000
                0x04018000                        __top_SRAMX = 0x4018000
                0x04018000                        __top_RAM2 = 0x4018000
                0x20060000                        __base_SRAMH = 0x20060000
                0x20060000                        __base_RAM3 = 0x20060000
                0x20068000                        __top_SRAMH = 0x20068000
                0x20068000                        __top_RAM3 = 0x20068000
                0x400ba000                        __base_USB_RAM = 0x400ba000
                0x400ba000                        __base_RAM4 = 0x400ba000
                0x400bb000                        __top_USB_RAM = 0x400bb000
                0x400bb000                        __top_RAM4 = 0x400bb000

.text_Flash2    0x00100000        0x0
 FILL mask 0xff
 *(SORT_BY_ALIGNMENT(.text_Flash2))
 *(SORT_BY_ALIGNMENT(.text_PROGRAM_FLASH1))
 *(SORT_BY_ALIGNMENT(.text.$Flash2))
 *(SORT_BY_ALIGNMENT(.text.$PROGRAM_FLASH1))
 *(SORT_BY_ALIGNMENT(.text_Flash2.*))
 *(SORT_BY_ALIGNMENT(.text_PROGRAM_FLASH1.*))
 *(SORT_BY_ALIGNMENT(.text.$Flash2.*))
 *(SORT_BY_ALIGNMENT(.text.$PROGRAM_FLASH1.*))
 *(SORT_BY_ALIGNMENT(.rodata.$Flash2))
 *(SORT_BY_ALIGNMENT(.rodata.$PROGRAM_FLASH1))
 *(SORT_BY_ALIGNMENT(.rodata.$Flash2.*))
 *(SORT_BY_ALIGNMENT(.rodata.$PROGRAM_FLASH1.*))

.text           0x00000000     0x6114
 FILL mask 0xff
                0x00000000                        __vectors_start__ = ABSOLUTE (.)
 *(SORT_BY_ALIGNMENT(.isr_vector))
 .isr_vector    0x00000000      0x2b0 ./startup/startup_mcxn947_cm33_core0.o
                0x00000000                g_pfnVectors
                0x00000000                __Vectors
                0x000002b0                        . = ALIGN (0x4)
                0x000002b0                        __section_table_start = .
                0x000002b0                        __data_section_table = .
                0x000002b0        0x4 LONG 0x6114 LOADADDR (.data)
                0x000002b4        0x4 LONG 0x20000000 ADDR (.data)
                0x000002b8        0x4 LONG 0xf0 SIZEOF (.data)
                0x000002bc        0x4 LONG 0x6114 LOADADDR (.data_RAM2)
                0x000002c0        0x4 LONG 0x4000000 ADDR (.data_RAM2)
                0x000002c4        0x4 LONG 0x0 SIZEOF (.data_RAM2)
                0x000002c8        0x4 LONG 0x6114 LOADADDR (.data_RAM3)
                0x000002cc        0x4 LONG 0x20060000 ADDR (.data_RAM3)
                0x000002d0        0x4 LONG 0x0 SIZEOF (.data_RAM3)
                0x000002d4        0x4 LONG 0x6114 LOADADDR (.data_RAM4)
                0x000002d8        0x4 LONG 0x400ba000 ADDR (.data_RAM4)
                0x000002dc        0x4 LONG 0x0 SIZEOF (.data_RAM4)
                0x000002e0                        __data_section_table_end = .
                0x000002e0                        __bss_section_table = .
                0x000002e0        0x4 LONG 0x200000f0 ADDR (.bss)
                0x000002e4        0x4 LONG 0x614 SIZEOF (.bss)
                0x000002e8        0x4 LONG 0x4000000 ADDR (.bss_RAM2)
                0x000002ec        0x4 LONG 0x0 SIZEOF (.bss_RAM2)
                0x000002f0        0x4 LONG 0x20060000 ADDR (.bss_RAM3)
                0x000002f4        0x4 LONG 0x0 SIZEOF (.bss_RAM3)
                0x000002f8        0x4 LONG 0x400ba000 ADDR (.bss_RAM4)
                0x000002fc        0x4 LONG 0x0 SIZEOF (.bss_RAM4)
                0x00000300                        __bss_section_table_end = .
                0x00000300                        __section_table_end = .
 *(SORT_BY_ALIGNMENT(.after_vectors*))
 .after_vectors.reset
                0x00000300       0x68 ./startup/startup_mcxn947_cm33_core0.o
                0x00000300                ResetISR
 .after_vectors.init_data
                0x00000368       0x1e ./startup/startup_mcxn947_cm33_core0.o
                0x00000368                data_init
 .after_vectors.init_bss
                0x00000386       0x12 ./startup/startup_mcxn947_cm33_core0.o
                0x00000386                bss_init
 .after_vectors
                0x00000398       0x16 ./startup/startup_mcxn947_cm33_core0.o
                0x00000398                NMI_Handler
                0x0000039c                MemManage_Handler
                0x0000039e                BusFault_Handler
                0x000003a0                UsageFault_Handler
                0x000003a2                SecureFault_Handler
                0x000003a4                SVC_Handler
                0x000003a6                DebugMon_Handler
                0x000003a8                PendSV_Handler
                0x000003aa                SysTick_Handler
                0x000003ac                PKC_ERR_DriverIRQHandler
                0x000003ac                QDC1_HOME_DriverIRQHandler
                0x000003ac                EDMA_0_CH5_DriverIRQHandler
                0x000003ac                EDMA_0_CH14_DriverIRQHandler
                0x000003ac                EDMA_1_CH0_DriverIRQHandler
                0x000003ac                I3C0_DriverIRQHandler
                0x000003ac                CMC0_DriverIRQHandler
                0x000003ac                EDMA_0_CH15_DriverIRQHandler
                0x000003ac                LPTMR0_DriverIRQHandler
                0x000003ac                EDMA_0_CH2_DriverIRQHandler
                0x000003ac                USB0_FS_DriverIRQHandler
                0x000003ac                FLEXPWM1_SUBMODULE1_DriverIRQHandler
                0x000003ac                FLEXPWM0_SUBMODULE1_DriverIRQHandler
                0x000003ac                SCG_DriverIRQHandler
                0x000003ac                EDMA_1_CH13_DriverIRQHandler
                0x000003ac                EDMA_1_CH11_DriverIRQHandler
                0x000003ac                FLEXPWM0_RELOAD_ERROR_DriverIRQHandler
                0x000003ac                QDC0_HOME_DriverIRQHandler
                0x000003ac                Reserved167_DriverIRQHandler
                0x000003ac                EDMA_1_CH9_DriverIRQHandler
                0x000003ac                SEC_VIO_DriverIRQHandler
                0x000003ac                ERM_MULTI_BIT_ERROR_DriverIRQHandler
                0x000003ac                GPIO31_DriverIRQHandler
                0x000003ac                EWM0_DriverIRQHandler
                0x000003ac                PKC_DriverIRQHandler
                0x000003ac                EDMA_0_CH10_DriverIRQHandler
                0x000003ac                USB1_HS_PHY_DriverIRQHandler
                0x000003ac                QDC0_IDX_DriverIRQHandler
                0x000003ac                ELS_DriverIRQHandler
                0x000003ac                Reserved166_DriverIRQHandler
                0x000003ac                EDMA_1_CH2_DriverIRQHandler
                0x000003ac                ETHERNET_DriverIRQHandler
                0x000003ac                QDC1_IDX_DriverIRQHandler
                0x000003ac                EDMA_1_CH14_DriverIRQHandler
                0x000003ac                FLEXPWM1_SUBMODULE3_DriverIRQHandler
                0x000003ac                EDMA_1_CH7_DriverIRQHandler
                0x000003ac                EDMA_1_CH6_DriverIRQHandler
                0x000003ac                DAC1_DriverIRQHandler
                0x000003ac                CTIMER2_DriverIRQHandler
                0x000003ac                EMVSIM0_DriverIRQHandler
                0x000003ac                ITRC0_DriverIRQHandler
                0x000003ac                EDMA_0_CH9_DriverIRQHandler
                0x000003ac                ETB0_DriverIRQHandler
                0x000003ac                WWDT1_DriverIRQHandler
                0x000003ac                Reserved80_DriverIRQHandler
                0x000003ac                IntDefaultHandler
                0x000003ac                ELS_ERR_DriverIRQHandler
                0x000003ac                FLEXIO_DriverIRQHandler
                0x000003ac                DAC0_DriverIRQHandler
                0x000003ac                MRT0_DriverIRQHandler
                0x000003ac                UTICK0_DriverIRQHandler
                0x000003ac                FLEXPWM0_SUBMODULE2_DriverIRQHandler
                0x000003ac                GPIO01_DriverIRQHandler
                0x000003ac                EDMA_0_CH3_DriverIRQHandler
                0x000003ac                WWDT0_DriverIRQHandler
                0x000003ac                USDHC0_DriverIRQHandler
                0x000003ac                GPIO00_DriverIRQHandler
                0x000003ac                EDMA_0_CH4_DriverIRQHandler
                0x000003ac                GPIO11_DriverIRQHandler
                0x000003ac                CTIMER4_DriverIRQHandler
                0x000003ac                BSP32_DriverIRQHandler
                0x000003ac                FLEXPWM0_FAULT_DriverIRQHandler
                0x000003ac                EDMA_1_CH1_DriverIRQHandler
                0x000003ac                SAI1_DriverIRQHandler
                0x000003ac                ERM_SINGLE_BIT_ERROR_DriverIRQHandler
                0x000003ac                GPIO21_DriverIRQHandler
                0x000003ac                FLEXPWM1_FAULT_DriverIRQHandler
                0x000003ac                GPIO30_DriverIRQHandler
                0x000003ac                CTIMER0_DriverIRQHandler
                0x000003ac                CTIMER1_DriverIRQHandler
                0x000003ac                QDC0_COMPARE_DriverIRQHandler
                0x000003ac                PINT0_DriverIRQHandler
                0x000003ac                ADC1_DriverIRQHandler
                0x000003ac                PQ_DriverIRQHandler
                0x000003ac                ETHERNET_MACLP_DriverIRQHandler
                0x000003ac                USB0_DCD_DriverIRQHandler
                0x000003ac                EDMA_0_CH11_DriverIRQHandler
                0x000003ac                MAILBOX_DriverIRQHandler
                0x000003ac                WUU_DriverIRQHandler
                0x000003ac                EDMA_0_CH6_DriverIRQHandler
                0x000003ac                CTIMER3_DriverIRQHandler
                0x000003ac                FLEXPWM1_SUBMODULE0_DriverIRQHandler
                0x000003ac                CDOG1_DriverIRQHandler
                0x000003ac                TSI_OUT_OF_SCAN_DriverIRQHandler
                0x000003ac                EDMA_1_CH4_DriverIRQHandler
                0x000003ac                PUF_DriverIRQHandler
                0x000003ac                SPC_DriverIRQHandler
                0x000003ac                RTC_DriverIRQHandler
                0x000003ac                VBAT0_DriverIRQHandler
                0x000003ac                Reserved65_DriverIRQHandler
                0x000003ac                HSCMP2_DriverIRQHandler
                0x000003ac                EDMA_0_CH0_DriverIRQHandler
                0x000003ac                EDMA_1_CH5_DriverIRQHandler
                0x000003ac                PDM_EVENT_DriverIRQHandler
                0x000003ac                Freqme_DriverIRQHandler
                0x000003ac                ETHERNET_PMT_DriverIRQHandler
                0x000003ac                FLEXPWM1_RELOAD_ERROR_DriverIRQHandler
                0x000003ac                FMU0_DriverIRQHandler
                0x000003ac                QDC1_COMPARE_DriverIRQHandler
                0x000003ac                EDMA_0_CH8_DriverIRQHandler
                0x000003ac                LPTMR1_DriverIRQHandler
                0x000003ac                GPIO40_DriverIRQHandler
                0x000003ac                CTI0_DriverIRQHandler
                0x000003ac                EDMA_1_CH3_DriverIRQHandler
                0x000003ac                EDMA_1_CH15_DriverIRQHandler
                0x000003ac                FLEXPWM1_SUBMODULE2_DriverIRQHandler
                0x000003ac                GPIO20_DriverIRQHandler
                0x000003ac                QDC1_WDG_SAB_DriverIRQHandler
                0x000003ac                EDMA_1_CH8_DriverIRQHandler
                0x000003ac                GDET_DriverIRQHandler
                0x000003ac                PORT_EFT_DriverIRQHandler
                0x000003ac                Reserved85_DriverIRQHandler
                0x000003ac                Reserved81_DriverIRQHandler
                0x000003ac                TSI_END_OF_SCAN_DriverIRQHandler
                0x000003ac                FLEXPWM0_SUBMODULE3_DriverIRQHandler
                0x000003ac                ADC0_DriverIRQHandler
                0x000003ac                OR_DriverIRQHandler
                0x000003ac                EDMA_0_CH13_DriverIRQHandler
                0x000003ac                USB1_HS_DriverIRQHandler
                0x000003ac                EDMA_0_CH1_DriverIRQHandler
                0x000003ac                DAC2_DriverIRQHandler
                0x000003ac                GPIO51_DriverIRQHandler
                0x000003ac                HSCMP0_DriverIRQHandler
                0x000003ac                EDMA_0_CH12_DriverIRQHandler
                0x000003ac                QDC0_WDG_SAB_DriverIRQHandler
                0x000003ac                CDOG0_DriverIRQHandler
                0x000003ac                CAN0_DriverIRQHandler
                0x000003ac                SMARTDMA_DriverIRQHandler
                0x000003ac                SAI0_DriverIRQHandler
                0x000003ac                EMVSIM1_DriverIRQHandler
                0x000003ac                I3C1_DriverIRQHandler
                0x000003ac                EDMA_0_CH7_DriverIRQHandler
                0x000003ac                HSCMP1_DriverIRQHandler
                0x000003ac                EDMA_1_CH10_DriverIRQHandler
                0x000003ac                EDMA_1_CH12_DriverIRQHandler
                0x000003ac                FLEXSPI0_DriverIRQHandler
                0x000003ac                GPIO50_DriverIRQHandler
                0x000003ac                GPIO10_DriverIRQHandler
                0x000003ac                SCT0_DriverIRQHandler
                0x000003ac                CAN1_DriverIRQHandler
                0x000003ac                PLU_DriverIRQHandler
                0x000003ac                FLEXPWM0_SUBMODULE0_DriverIRQHandler
                0x000003ac                OS_EVENT_DriverIRQHandler
                0x000003ac                SINC_FILTER_DriverIRQHandler
                0x000003ac                NPU_DriverIRQHandler
                0x000003ac                GPIO41_DriverIRQHandler
                0x000003ac                SEC_HYPERVISOR_CALL_DriverIRQHandler
 *(SORT_BY_ALIGNMENT(.text*))
 *fill*         0x000003ae        0x2 ff
 .text.DbgConsole_Init
                0x000003b0       0x88 ./utilities/debug_console_lite/fsl_debug_console.o
                0x000003b0                DbgConsole_Init
 .text.DbgConsole_Vprintf
                0x00000438       0x3c ./utilities/debug_console_lite/fsl_debug_console.o
                0x00000438                DbgConsole_Vprintf
 .text.DbgConsole_Putchar
                0x00000474       0x30 ./utilities/debug_console_lite/fsl_debug_console.o
                0x00000474                DbgConsole_Putchar
 .text.DbgConsole_PrintfFormattedData
                0x000004a4      0x3e0 ./utilities/debug_console_lite/fsl_debug_console.o
 .text.__assertion_failed
                0x00000884       0x3c ./utilities/fsl_assert.o
                0x00000884                __assertion_failed
 .text          0x000008c0       0xa0 ./utilities/fsl_memcpy.o
                0x000008c0                memcpy
 .text.main     0x00000960       0xc4 ./source/hello_world.o
                0x00000960                main
 .text.CLOCK_IsPLL0Locked
                0x00000a24       0x28 ./drivers/fsl_clock.o
 .text.CLOCK_IsPLL1Locked
                0x00000a4c       0x28 ./drivers/fsl_clock.o
 .text.CLOCK_SetupFROHFClocking
                0x00000a74       0x9c ./drivers/fsl_clock.o
                0x00000a74                CLOCK_SetupFROHFClocking
 .text.CLOCK_SetPll0MonitorMode
                0x00000b10       0x38 ./drivers/fsl_clock.o
                0x00000b10                CLOCK_SetPll0MonitorMode
 .text.CLOCK_AttachClk
                0x00000b48       0xb0 ./drivers/fsl_clock.o
                0x00000b48                CLOCK_AttachClk
 .text.CLOCK_SetClkDiv
                0x00000bf8       0x54 ./drivers/fsl_clock.o
                0x00000bf8                CLOCK_SetClkDiv
 .text.CLOCK_GetFreq
                0x00000c4c      0x15c ./drivers/fsl_clock.o
                0x00000c4c                CLOCK_GetFreq
 .text.CLOCK_GetLPFlexCommClkFreq
                0x00000da8       0xa0 ./drivers/fsl_clock.o
                0x00000da8                CLOCK_GetLPFlexCommClkFreq
 .text.CLOCK_GetPLL0InClockRate
                0x00000e48       0x5c ./drivers/fsl_clock.o
                0x00000e48                CLOCK_GetPLL0InClockRate
 .text.CLOCK_GetPLL1InClockRate
                0x00000ea4       0x58 ./drivers/fsl_clock.o
                0x00000ea4                CLOCK_GetPLL1InClockRate
 .text.CLOCK_SetPLL0Freq
                0x00000efc      0x10c ./drivers/fsl_clock.o
                0x00000efc                CLOCK_SetPLL0Freq
 .text.CLOCK_GetFro12MFreq
                0x00001008       0x2c ./drivers/fsl_clock.o
 .text.CLOCK_GetClk1MFreq
                0x00001034       0x14 ./drivers/fsl_clock.o
 .text.CLOCK_GetFroHfFreq
                0x00001048       0x4c ./drivers/fsl_clock.o
 .text.CLOCK_GetClk48MFreq
                0x00001094       0x2c ./drivers/fsl_clock.o
 .text.CLOCK_GetClk144MFreq
                0x000010c0       0x2c ./drivers/fsl_clock.o
 .text.CLOCK_GetClk16KFreq
                0x000010ec       0x44 ./drivers/fsl_clock.o
 .text.CLOCK_GetExtClkFreq
                0x00001130       0x2c ./drivers/fsl_clock.o
 .text.CLOCK_GetOsc32KFreq
                0x0000115c       0x4c ./drivers/fsl_clock.o
 .text.CLOCK_GetMainClkFreq
                0x000011a8       0x90 ./drivers/fsl_clock.o
                0x000011a8                CLOCK_GetMainClkFreq
 .text.CLOCK_GetClockOutClkFreq
                0x00001238       0xa8 ./drivers/fsl_clock.o
 .text.CLOCK_GetLposcFreq
                0x000012e0       0x48 ./drivers/fsl_clock.o
 .text.findPll0PreDiv
                0x00001328       0x40 ./drivers/fsl_clock.o
 .text.findPll1PreDiv
                0x00001368       0x40 ./drivers/fsl_clock.o
 .text.findPll0PostDiv
                0x000013a8       0x60 ./drivers/fsl_clock.o
 .text.findPll1PostDiv
                0x00001408       0x60 ./drivers/fsl_clock.o
 .text.findPll0MMult
                0x00001468       0xac ./drivers/fsl_clock.o
 .text.findPll1MMult
                0x00001514       0xac ./drivers/fsl_clock.o
 .text.SDK_DelayAtLeastUs
                0x000015c0       0x8c ./drivers/fsl_common_arm.o
                0x000015c0                SDK_DelayAtLeastUs
 .text.GPIO_GetInstance
                0x0000164c       0x4c ./drivers/fsl_gpio.o
 .text.GPIO_PortClockEnable
                0x00001698       0x54 ./drivers/fsl_gpio.o
 .text.GPIO_PinInit
                0x000016ec       0x6c ./drivers/fsl_gpio.o
                0x000016ec                GPIO_PinInit
 .text.LP_FLEXCOMM_GetBaseAddress
                0x00001758       0x2c ./drivers/fsl_lpflexcomm.o
                0x00001758                LP_FLEXCOMM_GetBaseAddress
 .text.LP_FLEXCOMM_GetInterruptStatus
                0x00001784       0x28 ./drivers/fsl_lpflexcomm.o
                0x00001784                LP_FLEXCOMM_GetInterruptStatus
 .text.LP_FLEXCOMM_SetPeriph
                0x000017ac       0x94 ./drivers/fsl_lpflexcomm.o
 .text.LP_FLEXCOMM_Init
                0x00001840       0x58 ./drivers/fsl_lpflexcomm.o
                0x00001840                LP_FLEXCOMM_Init
 .text.LP_FLEXCOMM_CommonIRQHandler
                0x00001898       0xb8 ./drivers/fsl_lpflexcomm.o
 .text.LPI2C_GetInstance
                0x00001950       0x4c ./drivers/fsl_lpi2c.o
                0x00001950                LPI2C_GetInstance
 .text.LPI2C_GetCyclesForWidth
                0x0000199c       0x9c ./drivers/fsl_lpi2c.o
 .text.LPI2C_MasterGetDefaultConfig
                0x00001a38       0x6c ./drivers/fsl_lpi2c.o
                0x00001a38                LPI2C_MasterGetDefaultConfig
 .text.LPI2C_MasterInit
                0x00001aa4      0x208 ./drivers/fsl_lpi2c.o
                0x00001aa4                LPI2C_MasterInit
 .text.LPI2C_MasterSetBaudRate
                0x00001cac      0x2c4 ./drivers/fsl_lpi2c.o
                0x00001cac                LPI2C_MasterSetBaudRate
 .text.LPI2C_MasterSend
                0x00001f70       0x58 ./drivers/fsl_lpi2c.o
                0x00001f70                LPI2C_MasterSend
 .text.LPUART_GetInstance
                0x00001fc8       0x4c ./drivers/fsl_lpuart.o
                0x00001fc8                LPUART_GetInstance
 .text.LPUART_Init
                0x00002014      0x448 ./drivers/fsl_lpuart.o
                0x00002014                LPUART_Init
 .text.LPUART_GetDefaultConfig
                0x0000245c       0x8c ./drivers/fsl_lpuart.o
                0x0000245c                LPUART_GetDefaultConfig
 .text.LPUART_GetStatusFlags
                0x000024e8       0x60 ./drivers/fsl_lpuart.o
                0x000024e8                LPUART_GetStatusFlags
 .text.LPUART_ClearStatusFlags
                0x00002548       0x94 ./drivers/fsl_lpuart.o
                0x00002548                LPUART_ClearStatusFlags
 .text.LPUART_WriteBlocking
                0x000025dc       0x68 ./drivers/fsl_lpuart.o
                0x000025dc                LPUART_WriteBlocking
 .text.LPUART_ReadBlocking
                0x00002644      0x164 ./drivers/fsl_lpuart.o
                0x00002644                LPUART_ReadBlocking
 .text.RESET_ClearPeripheralReset
                0x000027a8       0x6c ./drivers/fsl_reset.o
                0x000027a8                RESET_ClearPeripheralReset
 .text.SPC_SetSRAMOperateVoltage
                0x00002814       0x58 ./drivers/fsl_spc.o
                0x00002814                SPC_SetSRAMOperateVoltage
 .text.SPC_SetActiveModeCoreLDORegulatorConfig
                0x0000286c       0x94 ./drivers/fsl_spc.o
                0x0000286c                SPC_SetActiveModeCoreLDORegulatorConfig
 .text.SPC_SetActiveModeDCDCRegulatorConfig
                0x00002900       0x68 ./drivers/fsl_spc.o
                0x00002900                SPC_SetActiveModeDCDCRegulatorConfig
 .text.SystemInit
                0x00002968      0x124 ./device/system_MCXN947_cm33_core0.o
                0x00002968                SystemInit
 .text.HAL_UartInitCommon
                0x00002a8c       0xe4 ./component/uart/fsl_adapter_lpuart.o
 .text.HAL_UartInit
                0x00002b70       0x84 ./component/uart/fsl_adapter_lpuart.o
                0x00002b70                HAL_UartInit
 .text.HAL_UartReceiveBlocking
                0x00002bf4       0x6c ./component/uart/fsl_adapter_lpuart.o
                0x00002bf4                HAL_UartReceiveBlocking
 .text.HAL_UartSendBlocking
                0x00002c60       0x64 ./component/uart/fsl_adapter_lpuart.o
                0x00002c60                HAL_UartSendBlocking
 .text.eyesClosed
                0x00002cc4       0x38 ./board/animations.o
                0x00002cc4                eyesClosed
 .text.eyesOpen
                0x00002cfc       0x34 ./board/animations.o
                0x00002cfc                eyesOpen
 .text.openClose
                0x00002d30       0x58 ./board/animations.o
                0x00002d30                openClose
 .text.BOARD_InitDebugConsole
                0x00002d88       0x38 ./board/board.o
                0x00002d88                BOARD_InitDebugConsole
 .text.BOARD_BootClockPLL150M
                0x00002dc0       0xec ./board/clock_config.o
                0x00002dc0                BOARD_BootClockPLL150M
 .text.DrawEmotion
                0x00002eac      0x230 ./board/emotions.o
                0x00002eac                DrawEmotion
 .text.OLED_DrawPixel
                0x000030dc       0x88 ./board/oled_shapes.o
                0x000030dc                OLED_DrawPixel
 .text.OLED_ClearFB
                0x00003164       0x18 ./board/oled_shapes.o
                0x00003164                OLED_ClearFB
 .text.OLED_Update
                0x0000317c       0x48 ./board/oled_shapes.o
                0x0000317c                OLED_Update
 .text.DrawMouth
                0x000031c4       0x90 ./board/oled_shapes.o
                0x000031c4                DrawMouth
 .text.PORT_SetPinConfig
                0x00003254       0x38 ./board/pin_mux.o
 .text.BOARD_InitPins
                0x0000328c      0x190 ./board/pin_mux.o
                0x0000328c                BOARD_InitPins
 .text.OLEDI2C  0x0000341c       0x48 ./board/pin_mux.o
                0x0000341c                OLEDI2C
 .text.OLED_Init
                0x00003464       0x7c ./board/shield_oled.o
                0x00003464                OLED_Init
 .text.OLED_Send
                0x000034e0       0x44 ./board/shield_oled.o
                0x000034e0                OLED_Send
 .text._initio  0x00003524       0x78 C:/nxp/MCUXpressoIDE_25.6.136/ide/plugins/com.nxp.mcuxpresso.tools.win32_25.6.0.202501151204/tools/bin/../lib/gcc/arm-none-eabi/14.2.1/../../../../arm-none-eabi/lib/thumb/v8-m.main+fp/hard\libcr_c.a(initio.o)
                0x00003524                _initio
 .text.rand     0x0000359c       0x48 C:/nxp/MCUXpressoIDE_25.6.136/ide/plugins/com.nxp.mcuxpresso.tools.win32_25.6.0.202501151204/tools/bin/../lib/gcc/arm-none-eabi/14.2.1/../../../../arm-none-eabi/lib/thumb/v8-m.main+fp/hard\libcr_c.a(stdlib.o)
                0x0000359c                rand
 .text._Cwritebuf
                0x000035e4       0x70 C:/nxp/MCUXpressoIDE_25.6.136/ide/plugins/com.nxp.mcuxpresso.tools.win32_25.6.0.202501151204/tools/bin/../lib/gcc/arm-none-eabi/14.2.1/../../../../arm-none-eabi/lib/thumb/v8-m.main+fp/hard\libcr_c.a(_writebuf.o)
                0x000035e4                _Cwritebuf
 .text.fflush   0x00003654       0x3c C:/nxp/MCUXpressoIDE_25.6.136/ide/plugins/com.nxp.mcuxpresso.tools.win32_25.6.0.202501151204/tools/bin/../lib/gcc/arm-none-eabi/14.2.1/../../../../arm-none-eabi/lib/thumb/v8-m.main+fp/hard\libcr_c.a(fflush.o)
                0x00003654                fflush
 .text.fseek    0x00003690       0xf8 C:/nxp/MCUXpressoIDE_25.6.136/ide/plugins/com.nxp.mcuxpresso.tools.win32_25.6.0.202501151204/tools/bin/../lib/gcc/arm-none-eabi/14.2.1/../../../../arm-none-eabi/lib/thumb/v8-m.main+fp/hard\libcr_c.a(fseek.o)
                0x00003690                fseek
 .text.ftell    0x00003788       0x44 C:/nxp/MCUXpressoIDE_25.6.136/ide/plugins/com.nxp.mcuxpresso.tools.win32_25.6.0.202501151204/tools/bin/../lib/gcc/arm-none-eabi/14.2.1/../../../../arm-none-eabi/lib/thumb/v8-m.main+fp/hard\libcr_c.a(ftell.o)
                0x00003788                ftell
 .text.__aeabi_dmul
                0x000037cc       0xfc C:/nxp/MCUXpressoIDE_25.6.136/ide/plugins/com.nxp.mcuxpresso.tools.win32_25.6.0.202501151204/tools/bin/../lib/gcc/arm-none-eabi/14.2.1/thumb/v8-m.main+fp/hard\libcr_eabihelpers.a(double.o)
                0x000037cc                __aeabi_dmul
 .text.__aeabi_dsub
                0x000038c8      0x1b4 C:/nxp/MCUXpressoIDE_25.6.136/ide/plugins/com.nxp.mcuxpresso.tools.win32_25.6.0.202501151204/tools/bin/../lib/gcc/arm-none-eabi/14.2.1/thumb/v8-m.main+fp/hard\libcr_eabihelpers.a(double.o)
                0x000038c8                __aeabi_dsub
 .text.__aeabi_dadd
                0x00003a7c      0x128 C:/nxp/MCUXpressoIDE_25.6.136/ide/plugins/com.nxp.mcuxpresso.tools.win32_25.6.0.202501151204/tools/bin/../lib/gcc/arm-none-eabi/14.2.1/thumb/v8-m.main+fp/hard\libcr_eabihelpers.a(double.o)
                0x00003a7c                __aeabi_dadd
 .text.DbgConsole_Printf
                0x00003ba4       0x2c ./utilities/debug_console_lite/fsl_debug_console.o
                0x00003ba4                DbgConsole_Printf
 .text.DbgConsole_PrintfPaddingCharacter
                0x00003bd0       0x40 ./utilities/debug_console_lite/fsl_debug_console.o
 .text.DbgConsole_ConvertRadixNumToString
                0x00003c10       0xc2 ./utilities/debug_console_lite/fsl_debug_console.o
 .text.fsl_assert_hook
                0x00003cd2       0x1a ./utilities/fsl_assert.o
                0x00003cd2                fsl_assert_hook
 .text.OR_IRQHandler
                0x00003cec        0x8 ./startup/startup_mcxn947_cm33_core0.o
                0x00003cec                OR_IRQHandler
 .text.EDMA_0_CH0_IRQHandler
                0x00003cf4        0x8 ./startup/startup_mcxn947_cm33_core0.o
                0x00003cf4                EDMA_0_CH0_IRQHandler
 .text.EDMA_0_CH1_IRQHandler
                0x00003cfc        0x8 ./startup/startup_mcxn947_cm33_core0.o
                0x00003cfc                EDMA_0_CH1_IRQHandler
 .text.EDMA_0_CH2_IRQHandler
                0x00003d04        0x8 ./startup/startup_mcxn947_cm33_core0.o
                0x00003d04                EDMA_0_CH2_IRQHandler
 .text.EDMA_0_CH3_IRQHandler
                0x00003d0c        0x8 ./startup/startup_mcxn947_cm33_core0.o
                0x00003d0c                EDMA_0_CH3_IRQHandler
 .text.EDMA_0_CH4_IRQHandler
                0x00003d14        0x8 ./startup/startup_mcxn947_cm33_core0.o
                0x00003d14                EDMA_0_CH4_IRQHandler
 .text.EDMA_0_CH5_IRQHandler
                0x00003d1c        0x8 ./startup/startup_mcxn947_cm33_core0.o
                0x00003d1c                EDMA_0_CH5_IRQHandler
 .text.EDMA_0_CH6_IRQHandler
                0x00003d24        0x8 ./startup/startup_mcxn947_cm33_core0.o
                0x00003d24                EDMA_0_CH6_IRQHandler
 .text.EDMA_0_CH7_IRQHandler
                0x00003d2c        0x8 ./startup/startup_mcxn947_cm33_core0.o
                0x00003d2c                EDMA_0_CH7_IRQHandler
 .text.EDMA_0_CH8_IRQHandler
                0x00003d34        0x8 ./startup/startup_mcxn947_cm33_core0.o
                0x00003d34                EDMA_0_CH8_IRQHandler
 .text.EDMA_0_CH9_IRQHandler
                0x00003d3c        0x8 ./startup/startup_mcxn947_cm33_core0.o
                0x00003d3c                EDMA_0_CH9_IRQHandler
 .text.EDMA_0_CH10_IRQHandler
                0x00003d44        0x8 ./startup/startup_mcxn947_cm33_core0.o
                0x00003d44                EDMA_0_CH10_IRQHandler
 .text.EDMA_0_CH11_IRQHandler
                0x00003d4c        0x8 ./startup/startup_mcxn947_cm33_core0.o
                0x00003d4c                EDMA_0_CH11_IRQHandler
 .text.EDMA_0_CH12_IRQHandler
                0x00003d54        0x8 ./startup/startup_mcxn947_cm33_core0.o
                0x00003d54                EDMA_0_CH12_IRQHandler
 .text.EDMA_0_CH13_IRQHandler
                0x00003d5c        0x8 ./startup/startup_mcxn947_cm33_core0.o
                0x00003d5c                EDMA_0_CH13_IRQHandler
 .text.EDMA_0_CH14_IRQHandler
                0x00003d64        0x8 ./startup/startup_mcxn947_cm33_core0.o
                0x00003d64                EDMA_0_CH14_IRQHandler
 .text.EDMA_0_CH15_IRQHandler
                0x00003d6c        0x8 ./startup/startup_mcxn947_cm33_core0.o
                0x00003d6c                EDMA_0_CH15_IRQHandler
 .text.GPIO00_IRQHandler
                0x00003d74        0x8 ./startup/startup_mcxn947_cm33_core0.o
                0x00003d74                GPIO00_IRQHandler
 .text.GPIO01_IRQHandler
                0x00003d7c        0x8 ./startup/startup_mcxn947_cm33_core0.o
                0x00003d7c                GPIO01_IRQHandler
 .text.GPIO10_IRQHandler
                0x00003d84        0x8 ./startup/startup_mcxn947_cm33_core0.o
                0x00003d84                GPIO10_IRQHandler
 .text.GPIO11_IRQHandler
                0x00003d8c        0x8 ./startup/startup_mcxn947_cm33_core0.o
                0x00003d8c                GPIO11_IRQHandler
 .text.GPIO20_IRQHandler
                0x00003d94        0x8 ./startup/startup_mcxn947_cm33_core0.o
                0x00003d94                GPIO20_IRQHandler
 .text.GPIO21_IRQHandler
                0x00003d9c        0x8 ./startup/startup_mcxn947_cm33_core0.o
                0x00003d9c                GPIO21_IRQHandler
 .text.GPIO30_IRQHandler
                0x00003da4        0x8 ./startup/startup_mcxn947_cm33_core0.o
                0x00003da4                GPIO30_IRQHandler
 .text.GPIO31_IRQHandler
                0x00003dac        0x8 ./startup/startup_mcxn947_cm33_core0.o
                0x00003dac                GPIO31_IRQHandler
 .text.GPIO40_IRQHandler
                0x00003db4        0x8 ./startup/startup_mcxn947_cm33_core0.o
                0x00003db4                GPIO40_IRQHandler
 .text.GPIO41_IRQHandler
                0x00003dbc        0x8 ./startup/startup_mcxn947_cm33_core0.o
                0x00003dbc                GPIO41_IRQHandler
 .text.GPIO50_IRQHandler
                0x00003dc4        0x8 ./startup/startup_mcxn947_cm33_core0.o
                0x00003dc4                GPIO50_IRQHandler
 .text.GPIO51_IRQHandler
                0x00003dcc        0x8 ./startup/startup_mcxn947_cm33_core0.o
                0x00003dcc                GPIO51_IRQHandler
 .text.UTICK0_IRQHandler
                0x00003dd4        0x8 ./startup/startup_mcxn947_cm33_core0.o
                0x00003dd4                UTICK0_IRQHandler
 .text.MRT0_IRQHandler
                0x00003ddc        0x8 ./startup/startup_mcxn947_cm33_core0.o
                0x00003ddc                MRT0_IRQHandler
 .text.CTIMER0_IRQHandler
                0x00003de4        0x8 ./startup/startup_mcxn947_cm33_core0.o
                0x00003de4                CTIMER0_IRQHandler
 .text.CTIMER1_IRQHandler
                0x00003dec        0x8 ./startup/startup_mcxn947_cm33_core0.o
                0x00003dec                CTIMER1_IRQHandler
 .text.SCT0_IRQHandler
                0x00003df4        0x8 ./startup/startup_mcxn947_cm33_core0.o
                0x00003df4                SCT0_IRQHandler
 .text.CTIMER2_IRQHandler
                0x00003dfc        0x8 ./startup/startup_mcxn947_cm33_core0.o
                0x00003dfc                CTIMER2_IRQHandler
 .text.LP_FLEXCOMM0_IRQHandler
                0x00003e04        0x8 ./startup/startup_mcxn947_cm33_core0.o
                0x00003e04                LP_FLEXCOMM0_IRQHandler
 .text.LP_FLEXCOMM1_IRQHandler
                0x00003e0c        0x8 ./startup/startup_mcxn947_cm33_core0.o
                0x00003e0c                LP_FLEXCOMM1_IRQHandler
 .text.LP_FLEXCOMM2_IRQHandler
                0x00003e14        0x8 ./startup/startup_mcxn947_cm33_core0.o
                0x00003e14                LP_FLEXCOMM2_IRQHandler
 .text.LP_FLEXCOMM3_IRQHandler
                0x00003e1c        0x8 ./startup/startup_mcxn947_cm33_core0.o
                0x00003e1c                LP_FLEXCOMM3_IRQHandler
 .text.LP_FLEXCOMM4_IRQHandler
                0x00003e24        0x8 ./startup/startup_mcxn947_cm33_core0.o
                0x00003e24                LP_FLEXCOMM4_IRQHandler
 .text.LP_FLEXCOMM5_IRQHandler
                0x00003e2c        0x8 ./startup/startup_mcxn947_cm33_core0.o
                0x00003e2c                LP_FLEXCOMM5_IRQHandler
 .text.LP_FLEXCOMM6_IRQHandler
                0x00003e34        0x8 ./startup/startup_mcxn947_cm33_core0.o
                0x00003e34                LP_FLEXCOMM6_IRQHandler
 .text.LP_FLEXCOMM7_IRQHandler
                0x00003e3c        0x8 ./startup/startup_mcxn947_cm33_core0.o
                0x00003e3c                LP_FLEXCOMM7_IRQHandler
 .text.LP_FLEXCOMM8_IRQHandler
                0x00003e44        0x8 ./startup/startup_mcxn947_cm33_core0.o
                0x00003e44                LP_FLEXCOMM8_IRQHandler
 .text.LP_FLEXCOMM9_IRQHandler
                0x00003e4c        0x8 ./startup/startup_mcxn947_cm33_core0.o
                0x00003e4c                LP_FLEXCOMM9_IRQHandler
 .text.ADC0_IRQHandler
                0x00003e54        0x8 ./startup/startup_mcxn947_cm33_core0.o
                0x00003e54                ADC0_IRQHandler
 .text.ADC1_IRQHandler
                0x00003e5c        0x8 ./startup/startup_mcxn947_cm33_core0.o
                0x00003e5c                ADC1_IRQHandler
 .text.PINT0_IRQHandler
                0x00003e64        0x8 ./startup/startup_mcxn947_cm33_core0.o
                0x00003e64                PINT0_IRQHandler
 .text.PDM_EVENT_IRQHandler
                0x00003e6c        0x8 ./startup/startup_mcxn947_cm33_core0.o
                0x00003e6c                PDM_EVENT_IRQHandler
 .text.Reserved65_IRQHandler
                0x00003e74        0x8 ./startup/startup_mcxn947_cm33_core0.o
                0x00003e74                Reserved65_IRQHandler
 .text.USB0_FS_IRQHandler
                0x00003e7c        0x8 ./startup/startup_mcxn947_cm33_core0.o
                0x00003e7c                USB0_FS_IRQHandler
 .text.USB0_DCD_IRQHandler
                0x00003e84        0x8 ./startup/startup_mcxn947_cm33_core0.o
                0x00003e84                USB0_DCD_IRQHandler
 .text.RTC_IRQHandler
                0x00003e8c        0x8 ./startup/startup_mcxn947_cm33_core0.o
                0x00003e8c                RTC_IRQHandler
 .text.SMARTDMA_IRQHandler
                0x00003e94        0x8 ./startup/startup_mcxn947_cm33_core0.o
                0x00003e94                SMARTDMA_IRQHandler
 .text.MAILBOX_IRQHandler
                0x00003e9c        0x8 ./startup/startup_mcxn947_cm33_core0.o
                0x00003e9c                MAILBOX_IRQHandler
 .text.CTIMER3_IRQHandler
                0x00003ea4        0x8 ./startup/startup_mcxn947_cm33_core0.o
                0x00003ea4                CTIMER3_IRQHandler
 .text.CTIMER4_IRQHandler
                0x00003eac        0x8 ./startup/startup_mcxn947_cm33_core0.o
                0x00003eac                CTIMER4_IRQHandler
 .text.OS_EVENT_IRQHandler
                0x00003eb4        0x8 ./startup/startup_mcxn947_cm33_core0.o
                0x00003eb4                OS_EVENT_IRQHandler
 .text.FLEXSPI0_IRQHandler
                0x00003ebc        0x8 ./startup/startup_mcxn947_cm33_core0.o
                0x00003ebc                FLEXSPI0_IRQHandler
 .text.SAI0_IRQHandler
                0x00003ec4        0x8 ./startup/startup_mcxn947_cm33_core0.o
                0x00003ec4                SAI0_IRQHandler
 .text.SAI1_IRQHandler
                0x00003ecc        0x8 ./startup/startup_mcxn947_cm33_core0.o
                0x00003ecc                SAI1_IRQHandler
 .text.USDHC0_IRQHandler
                0x00003ed4        0x8 ./startup/startup_mcxn947_cm33_core0.o
                0x00003ed4                USDHC0_IRQHandler
 .text.CAN0_IRQHandler
                0x00003edc        0x8 ./startup/startup_mcxn947_cm33_core0.o
                0x00003edc                CAN0_IRQHandler
 .text.CAN1_IRQHandler
                0x00003ee4        0x8 ./startup/startup_mcxn947_cm33_core0.o
                0x00003ee4                CAN1_IRQHandler
 .text.Reserved80_IRQHandler
                0x00003eec        0x8 ./startup/startup_mcxn947_cm33_core0.o
                0x00003eec                Reserved80_IRQHandler
 .text.Reserved81_IRQHandler
                0x00003ef4        0x8 ./startup/startup_mcxn947_cm33_core0.o
                0x00003ef4                Reserved81_IRQHandler
 .text.USB1_HS_PHY_IRQHandler
                0x00003efc        0x8 ./startup/startup_mcxn947_cm33_core0.o
                0x00003efc                USB1_HS_PHY_IRQHandler
 .text.USB1_HS_IRQHandler
                0x00003f04        0x8 ./startup/startup_mcxn947_cm33_core0.o
                0x00003f04                USB1_HS_IRQHandler
 .text.SEC_HYPERVISOR_CALL_IRQHandler
                0x00003f0c        0x8 ./startup/startup_mcxn947_cm33_core0.o
                0x00003f0c                SEC_HYPERVISOR_CALL_IRQHandler
 .text.Reserved85_IRQHandler
                0x00003f14        0x8 ./startup/startup_mcxn947_cm33_core0.o
                0x00003f14                Reserved85_IRQHandler
 .text.PLU_IRQHandler
                0x00003f1c        0x8 ./startup/startup_mcxn947_cm33_core0.o
                0x00003f1c                PLU_IRQHandler
 .text.Freqme_IRQHandler
                0x00003f24        0x8 ./startup/startup_mcxn947_cm33_core0.o
                0x00003f24                Freqme_IRQHandler
 .text.SEC_VIO_IRQHandler
                0x00003f2c        0x8 ./startup/startup_mcxn947_cm33_core0.o
                0x00003f2c                SEC_VIO_IRQHandler
 .text.ELS_IRQHandler
                0x00003f34        0x8 ./startup/startup_mcxn947_cm33_core0.o
                0x00003f34                ELS_IRQHandler
 .text.PKC_IRQHandler
                0x00003f3c        0x8 ./startup/startup_mcxn947_cm33_core0.o
                0x00003f3c                PKC_IRQHandler
 .text.PUF_IRQHandler
                0x00003f44        0x8 ./startup/startup_mcxn947_cm33_core0.o
                0x00003f44                PUF_IRQHandler
 .text.PQ_IRQHandler
                0x00003f4c        0x8 ./startup/startup_mcxn947_cm33_core0.o
                0x00003f4c                PQ_IRQHandler
 .text.EDMA_1_CH0_IRQHandler
                0x00003f54        0x8 ./startup/startup_mcxn947_cm33_core0.o
                0x00003f54                EDMA_1_CH0_IRQHandler
 .text.EDMA_1_CH1_IRQHandler
                0x00003f5c        0x8 ./startup/startup_mcxn947_cm33_core0.o
                0x00003f5c                EDMA_1_CH1_IRQHandler
 .text.EDMA_1_CH2_IRQHandler
                0x00003f64        0x8 ./startup/startup_mcxn947_cm33_core0.o
                0x00003f64                EDMA_1_CH2_IRQHandler
 .text.EDMA_1_CH3_IRQHandler
                0x00003f6c        0x8 ./startup/startup_mcxn947_cm33_core0.o
                0x00003f6c                EDMA_1_CH3_IRQHandler
 .text.EDMA_1_CH4_IRQHandler
                0x00003f74        0x8 ./startup/startup_mcxn947_cm33_core0.o
                0x00003f74                EDMA_1_CH4_IRQHandler
 .text.EDMA_1_CH5_IRQHandler
                0x00003f7c        0x8 ./startup/startup_mcxn947_cm33_core0.o
                0x00003f7c                EDMA_1_CH5_IRQHandler
 .text.EDMA_1_CH6_IRQHandler
                0x00003f84        0x8 ./startup/startup_mcxn947_cm33_core0.o
                0x00003f84                EDMA_1_CH6_IRQHandler
 .text.EDMA_1_CH7_IRQHandler
                0x00003f8c        0x8 ./startup/startup_mcxn947_cm33_core0.o
                0x00003f8c                EDMA_1_CH7_IRQHandler
 .text.EDMA_1_CH8_IRQHandler
                0x00003f94        0x8 ./startup/startup_mcxn947_cm33_core0.o
                0x00003f94                EDMA_1_CH8_IRQHandler
 .text.EDMA_1_CH9_IRQHandler
                0x00003f9c        0x8 ./startup/startup_mcxn947_cm33_core0.o
                0x00003f9c                EDMA_1_CH9_IRQHandler
 .text.EDMA_1_CH10_IRQHandler
                0x00003fa4        0x8 ./startup/startup_mcxn947_cm33_core0.o
                0x00003fa4                EDMA_1_CH10_IRQHandler
 .text.EDMA_1_CH11_IRQHandler
                0x00003fac        0x8 ./startup/startup_mcxn947_cm33_core0.o
                0x00003fac                EDMA_1_CH11_IRQHandler
 .text.EDMA_1_CH12_IRQHandler
                0x00003fb4        0x8 ./startup/startup_mcxn947_cm33_core0.o
                0x00003fb4                EDMA_1_CH12_IRQHandler
 .text.EDMA_1_CH13_IRQHandler
                0x00003fbc        0x8 ./startup/startup_mcxn947_cm33_core0.o
                0x00003fbc                EDMA_1_CH13_IRQHandler
 .text.EDMA_1_CH14_IRQHandler
                0x00003fc4        0x8 ./startup/startup_mcxn947_cm33_core0.o
                0x00003fc4                EDMA_1_CH14_IRQHandler
 .text.EDMA_1_CH15_IRQHandler
                0x00003fcc        0x8 ./startup/startup_mcxn947_cm33_core0.o
                0x00003fcc                EDMA_1_CH15_IRQHandler
 .text.CDOG0_IRQHandler
                0x00003fd4        0x8 ./startup/startup_mcxn947_cm33_core0.o
                0x00003fd4                CDOG0_IRQHandler
 .text.CDOG1_IRQHandler
                0x00003fdc        0x8 ./startup/startup_mcxn947_cm33_core0.o
                0x00003fdc                CDOG1_IRQHandler
 .text.I3C0_IRQHandler
                0x00003fe4        0x8 ./startup/startup_mcxn947_cm33_core0.o
                0x00003fe4                I3C0_IRQHandler
 .text.I3C1_IRQHandler
                0x00003fec        0x8 ./startup/startup_mcxn947_cm33_core0.o
                0x00003fec                I3C1_IRQHandler
 .text.NPU_IRQHandler
                0x00003ff4        0x8 ./startup/startup_mcxn947_cm33_core0.o
                0x00003ff4                NPU_IRQHandler
 .text.GDET_IRQHandler
                0x00003ffc        0x8 ./startup/startup_mcxn947_cm33_core0.o
                0x00003ffc                GDET_IRQHandler
 .text.VBAT0_IRQHandler
                0x00004004        0x8 ./startup/startup_mcxn947_cm33_core0.o
                0x00004004                VBAT0_IRQHandler
 .text.EWM0_IRQHandler
                0x0000400c        0x8 ./startup/startup_mcxn947_cm33_core0.o
                0x0000400c                EWM0_IRQHandler
 .text.TSI_END_OF_SCAN_IRQHandler
                0x00004014        0x8 ./startup/startup_mcxn947_cm33_core0.o
                0x00004014                TSI_END_OF_SCAN_IRQHandler
 .text.TSI_OUT_OF_SCAN_IRQHandler
                0x0000401c        0x8 ./startup/startup_mcxn947_cm33_core0.o
                0x0000401c                TSI_OUT_OF_SCAN_IRQHandler
 .text.EMVSIM0_IRQHandler
                0x00004024        0x8 ./startup/startup_mcxn947_cm33_core0.o
                0x00004024                EMVSIM0_IRQHandler
 .text.EMVSIM1_IRQHandler
                0x0000402c        0x8 ./startup/startup_mcxn947_cm33_core0.o
                0x0000402c                EMVSIM1_IRQHandler
 .text.FLEXIO_IRQHandler
                0x00004034        0x8 ./startup/startup_mcxn947_cm33_core0.o
                0x00004034                FLEXIO_IRQHandler
 .text.DAC0_IRQHandler
                0x0000403c        0x8 ./startup/startup_mcxn947_cm33_core0.o
                0x0000403c                DAC0_IRQHandler
 .text.DAC1_IRQHandler
                0x00004044        0x8 ./startup/startup_mcxn947_cm33_core0.o
                0x00004044                DAC1_IRQHandler
 .text.DAC2_IRQHandler
                0x0000404c        0x8 ./startup/startup_mcxn947_cm33_core0.o
                0x0000404c                DAC2_IRQHandler
 .text.HSCMP0_IRQHandler
                0x00004054        0x8 ./startup/startup_mcxn947_cm33_core0.o
                0x00004054                HSCMP0_IRQHandler
 .text.HSCMP1_IRQHandler
                0x0000405c        0x8 ./startup/startup_mcxn947_cm33_core0.o
                0x0000405c                HSCMP1_IRQHandler
 .text.HSCMP2_IRQHandler
                0x00004064        0x8 ./startup/startup_mcxn947_cm33_core0.o
                0x00004064                HSCMP2_IRQHandler
 .text.FLEXPWM0_RELOAD_ERROR_IRQHandler
                0x0000406c        0x8 ./startup/startup_mcxn947_cm33_core0.o
                0x0000406c                FLEXPWM0_RELOAD_ERROR_IRQHandler
 .text.FLEXPWM0_FAULT_IRQHandler
                0x00004074        0x8 ./startup/startup_mcxn947_cm33_core0.o
                0x00004074                FLEXPWM0_FAULT_IRQHandler
 .text.FLEXPWM0_SUBMODULE0_IRQHandler
                0x0000407c        0x8 ./startup/startup_mcxn947_cm33_core0.o
                0x0000407c                FLEXPWM0_SUBMODULE0_IRQHandler
 .text.FLEXPWM0_SUBMODULE1_IRQHandler
                0x00004084        0x8 ./startup/startup_mcxn947_cm33_core0.o
                0x00004084                FLEXPWM0_SUBMODULE1_IRQHandler
 .text.FLEXPWM0_SUBMODULE2_IRQHandler
                0x0000408c        0x8 ./startup/startup_mcxn947_cm33_core0.o
                0x0000408c                FLEXPWM0_SUBMODULE2_IRQHandler
 .text.FLEXPWM0_SUBMODULE3_IRQHandler
                0x00004094        0x8 ./startup/startup_mcxn947_cm33_core0.o
                0x00004094                FLEXPWM0_SUBMODULE3_IRQHandler
 .text.FLEXPWM1_RELOAD_ERROR_IRQHandler
                0x0000409c        0x8 ./startup/startup_mcxn947_cm33_core0.o
                0x0000409c                FLEXPWM1_RELOAD_ERROR_IRQHandler
 .text.FLEXPWM1_FAULT_IRQHandler
                0x000040a4        0x8 ./startup/startup_mcxn947_cm33_core0.o
                0x000040a4                FLEXPWM1_FAULT_IRQHandler
 .text.FLEXPWM1_SUBMODULE0_IRQHandler
                0x000040ac        0x8 ./startup/startup_mcxn947_cm33_core0.o
                0x000040ac                FLEXPWM1_SUBMODULE0_IRQHandler
 .text.FLEXPWM1_SUBMODULE1_IRQHandler
                0x000040b4        0x8 ./startup/startup_mcxn947_cm33_core0.o
                0x000040b4                FLEXPWM1_SUBMODULE1_IRQHandler
 .text.FLEXPWM1_SUBMODULE2_IRQHandler
                0x000040bc        0x8 ./startup/startup_mcxn947_cm33_core0.o
                0x000040bc                FLEXPWM1_SUBMODULE2_IRQHandler
 .text.FLEXPWM1_SUBMODULE3_IRQHandler
                0x000040c4        0x8 ./startup/startup_mcxn947_cm33_core0.o
                0x000040c4                FLEXPWM1_SUBMODULE3_IRQHandler
 .text.QDC0_COMPARE_IRQHandler
                0x000040cc        0x8 ./startup/startup_mcxn947_cm33_core0.o
                0x000040cc                QDC0_COMPARE_IRQHandler
 .text.QDC0_HOME_IRQHandler
                0x000040d4        0x8 ./startup/startup_mcxn947_cm33_core0.o
                0x000040d4                QDC0_HOME_IRQHandler
 .text.QDC0_WDG_SAB_IRQHandler
                0x000040dc        0x8 ./startup/startup_mcxn947_cm33_core0.o
                0x000040dc                QDC0_WDG_SAB_IRQHandler
 .text.QDC0_IDX_IRQHandler
                0x000040e4        0x8 ./startup/startup_mcxn947_cm33_core0.o
                0x000040e4                QDC0_IDX_IRQHandler
 .text.QDC1_COMPARE_IRQHandler
                0x000040ec        0x8 ./startup/startup_mcxn947_cm33_core0.o
                0x000040ec                QDC1_COMPARE_IRQHandler
 .text.QDC1_HOME_IRQHandler
                0x000040f4        0x8 ./startup/startup_mcxn947_cm33_core0.o
                0x000040f4                QDC1_HOME_IRQHandler
 .text.QDC1_WDG_SAB_IRQHandler
                0x000040fc        0x8 ./startup/startup_mcxn947_cm33_core0.o
                0x000040fc                QDC1_WDG_SAB_IRQHandler
 .text.QDC1_IDX_IRQHandler
                0x00004104        0x8 ./startup/startup_mcxn947_cm33_core0.o
                0x00004104                QDC1_IDX_IRQHandler
 .text.ITRC0_IRQHandler
                0x0000410c        0x8 ./startup/startup_mcxn947_cm33_core0.o
                0x0000410c                ITRC0_IRQHandler
 .text.BSP32_IRQHandler
                0x00004114        0x8 ./startup/startup_mcxn947_cm33_core0.o
                0x00004114                BSP32_IRQHandler
 .text.ELS_ERR_IRQHandler
                0x0000411c        0x8 ./startup/startup_mcxn947_cm33_core0.o
                0x0000411c                ELS_ERR_IRQHandler
 .text.PKC_ERR_IRQHandler
                0x00004124        0x8 ./startup/startup_mcxn947_cm33_core0.o
                0x00004124                PKC_ERR_IRQHandler
 .text.ERM_SINGLE_BIT_ERROR_IRQHandler
                0x0000412c        0x8 ./startup/startup_mcxn947_cm33_core0.o
                0x0000412c                ERM_SINGLE_BIT_ERROR_IRQHandler
 .text.ERM_MULTI_BIT_ERROR_IRQHandler
                0x00004134        0x8 ./startup/startup_mcxn947_cm33_core0.o
                0x00004134                ERM_MULTI_BIT_ERROR_IRQHandler
 .text.FMU0_IRQHandler
                0x0000413c        0x8 ./startup/startup_mcxn947_cm33_core0.o
                0x0000413c                FMU0_IRQHandler
 .text.ETHERNET_IRQHandler
                0x00004144        0x8 ./startup/startup_mcxn947_cm33_core0.o
                0x00004144                ETHERNET_IRQHandler
 .text.ETHERNET_PMT_IRQHandler
                0x0000414c        0x8 ./startup/startup_mcxn947_cm33_core0.o
                0x0000414c                ETHERNET_PMT_IRQHandler
 .text.ETHERNET_MACLP_IRQHandler
                0x00004154        0x8 ./startup/startup_mcxn947_cm33_core0.o
                0x00004154                ETHERNET_MACLP_IRQHandler
 .text.SINC_FILTER_IRQHandler
                0x0000415c        0x8 ./startup/startup_mcxn947_cm33_core0.o
                0x0000415c                SINC_FILTER_IRQHandler
 .text.LPTMR0_IRQHandler
                0x00004164        0x8 ./startup/startup_mcxn947_cm33_core0.o
                0x00004164                LPTMR0_IRQHandler
 .text.LPTMR1_IRQHandler
                0x0000416c        0x8 ./startup/startup_mcxn947_cm33_core0.o
                0x0000416c                LPTMR1_IRQHandler
 .text.SCG_IRQHandler
                0x00004174        0x8 ./startup/startup_mcxn947_cm33_core0.o
                0x00004174                SCG_IRQHandler
 .text.SPC_IRQHandler
                0x0000417c        0x8 ./startup/startup_mcxn947_cm33_core0.o
                0x0000417c                SPC_IRQHandler
 .text.WUU_IRQHandler
                0x00004184        0x8 ./startup/startup_mcxn947_cm33_core0.o
                0x00004184                WUU_IRQHandler
 .text.PORT_EFT_IRQHandler
                0x0000418c        0x8 ./startup/startup_mcxn947_cm33_core0.o
                0x0000418c                PORT_EFT_IRQHandler
 .text.ETB0_IRQHandler
                0x00004194        0x8 ./startup/startup_mcxn947_cm33_core0.o
                0x00004194                ETB0_IRQHandler
 .text.Reserved166_IRQHandler
                0x0000419c        0x8 ./startup/startup_mcxn947_cm33_core0.o
                0x0000419c                Reserved166_IRQHandler
 .text.Reserved167_IRQHandler
                0x000041a4        0x8 ./startup/startup_mcxn947_cm33_core0.o
                0x000041a4                Reserved167_IRQHandler
 .text.WWDT0_IRQHandler
                0x000041ac        0x8 ./startup/startup_mcxn947_cm33_core0.o
                0x000041ac                WWDT0_IRQHandler
 .text.WWDT1_IRQHandler
                0x000041b4        0x8 ./startup/startup_mcxn947_cm33_core0.o
                0x000041b4                WWDT1_IRQHandler
 .text.CMC0_IRQHandler
                0x000041bc        0x8 ./startup/startup_mcxn947_cm33_core0.o
                0x000041bc                CMC0_IRQHandler
 .text.CTI0_IRQHandler
                0x000041c4        0x8 ./startup/startup_mcxn947_cm33_core0.o
                0x000041c4                CTI0_IRQHandler
 .text.HardFault_Handler
                0x000041cc       0x36 ./source/semihost_hardfault.o
                0x000041cc                HardFault_Handler
 .text.CLOCK_GetPll0OutFreq
                0x00004202       0x88 ./drivers/fsl_clock.o
                0x00004202                CLOCK_GetPll0OutFreq
 .text.CLOCK_GetPll1OutFreq
                0x0000428a       0x82 ./drivers/fsl_clock.o
                0x0000428a                CLOCK_GetPll1OutFreq
 .text.CLOCK_GetPllClkDivFreq
                0x0000430c       0x5e ./drivers/fsl_clock.o
                0x0000430c                CLOCK_GetPllClkDivFreq
 .text.CLOCK_GetCoreSysClkFreq
                0x0000436a       0x2c ./drivers/fsl_clock.o
                0x0000436a                CLOCK_GetCoreSysClkFreq
 .text.CLOCK_GetSystickClkFreq
                0x00004396       0x74 ./drivers/fsl_clock.o
 .text.DelayLoop
                0x0000440a       0x20 ./drivers/fsl_common_arm.o
 .text.CLOCK_EnableClock
                0x0000442a       0x94 ./drivers/fsl_gpio.o
 .text.CLOCK_DisableClock
                0x000044be       0xb8 ./drivers/fsl_gpio.o
 .text.GPIO_PinWrite
                0x00004576       0x36 ./drivers/fsl_gpio.o
 .text.CLOCK_EnableClock
                0x000045ac       0x94 ./drivers/fsl_lpflexcomm.o
 .text.LP_FLEXCOMM_PeripheralIsPresent
                0x00004640       0x52 ./drivers/fsl_lpflexcomm.o
 .text.LP_FLEXCOMM0_DriverIRQHandler
                0x00004692        0xe ./drivers/fsl_lpflexcomm.o
                0x00004692                LP_FLEXCOMM0_DriverIRQHandler
 .text.LP_FLEXCOMM1_DriverIRQHandler
                0x000046a0        0xe ./drivers/fsl_lpflexcomm.o
                0x000046a0                LP_FLEXCOMM1_DriverIRQHandler
 .text.LP_FLEXCOMM2_DriverIRQHandler
                0x000046ae        0xe ./drivers/fsl_lpflexcomm.o
                0x000046ae                LP_FLEXCOMM2_DriverIRQHandler
 .text.LP_FLEXCOMM3_DriverIRQHandler
                0x000046bc        0xe ./drivers/fsl_lpflexcomm.o
                0x000046bc                LP_FLEXCOMM3_DriverIRQHandler
 .text.LP_FLEXCOMM4_DriverIRQHandler
                0x000046ca        0xe ./drivers/fsl_lpflexcomm.o
                0x000046ca                LP_FLEXCOMM4_DriverIRQHandler
 .text.LP_FLEXCOMM5_DriverIRQHandler
                0x000046d8        0xe ./drivers/fsl_lpflexcomm.o
                0x000046d8                LP_FLEXCOMM5_DriverIRQHandler
 .text.LP_FLEXCOMM6_DriverIRQHandler
                0x000046e6        0xe ./drivers/fsl_lpflexcomm.o
                0x000046e6                LP_FLEXCOMM6_DriverIRQHandler
 .text.LP_FLEXCOMM7_DriverIRQHandler
                0x000046f4        0xe ./drivers/fsl_lpflexcomm.o
                0x000046f4                LP_FLEXCOMM7_DriverIRQHandler
 .text.LP_FLEXCOMM8_DriverIRQHandler
                0x00004702        0xe ./drivers/fsl_lpflexcomm.o
                0x00004702                LP_FLEXCOMM8_DriverIRQHandler
 .text.LP_FLEXCOMM9_DriverIRQHandler
                0x00004710        0xe ./drivers/fsl_lpflexcomm.o
                0x00004710                LP_FLEXCOMM9_DriverIRQHandler
 .text.CLOCK_EnableClock
                0x0000471e       0x94 ./drivers/fsl_lpi2c.o
 .text.LPI2C_MasterReset
                0x000047b2       0x20 ./drivers/fsl_lpi2c.o
 .text.LPI2C_MasterEnable
                0x000047d2       0x32 ./drivers/fsl_lpi2c.o
 .text.LPI2C_MasterGetStatusFlags
                0x00004804       0x18 ./drivers/fsl_lpi2c.o
 .text.LPI2C_MasterClearStatusFlags
                0x0000481c       0x1c ./drivers/fsl_lpi2c.o
 .text.LPI2C_MasterSetWatermarks
                0x00004838       0x2c ./drivers/fsl_lpi2c.o
 .text.LPI2C_MasterGetFifoCounts
                0x00004864       0x3e ./drivers/fsl_lpi2c.o
 .text.LPI2C_MasterCheckAndClearError
                0x000048a2       0x80 ./drivers/fsl_lpi2c.o
                0x000048a2                LPI2C_MasterCheckAndClearError
 .text.LPI2C_MasterWaitForTxReady
                0x00004922       0x52 ./drivers/fsl_lpi2c.o
 .text.LPI2C_CheckForBusyBus
                0x00004974       0x38 ./drivers/fsl_lpi2c.o
                0x00004974                LPI2C_CheckForBusyBus
 .text.LPI2C_MasterStart
                0x000049ac       0x5c ./drivers/fsl_lpi2c.o
                0x000049ac                LPI2C_MasterStart
 .text.LPI2C_MasterStop
                0x00004a08       0x62 ./drivers/fsl_lpi2c.o
                0x00004a08                LPI2C_MasterStop
 .text.LPUART_SoftwareReset
                0x00004a6a       0x2c ./drivers/fsl_lpuart.o
 .text.SPC_GetActiveModeBandgapMode
                0x00004a96       0x22 ./drivers/fsl_spc.o
 .text.SPC_GetActiveModeVoltageDetectStatus
                0x00004ab8       0x22 ./drivers/fsl_spc.o
 .text.SPC_GetActiveModeCoreLDOVDDVoltageLevel
                0x00004ada       0x22 ./drivers/fsl_spc.o
 .text.SPC_GetActiveModeCoreLDODriveStrength
                0x00004afc       0x22 ./drivers/fsl_spc.o
 .text.SPC_SetActiveModeDCDCRegulatorVoltageLevel
                0x00004b1e       0x32 ./drivers/fsl_spc.o
 .text.SPC_SetActiveModeCoreLDORegulatorVoltageLevel
                0x00004b50       0x60 ./drivers/fsl_spc.o
                0x00004b50                SPC_SetActiveModeCoreLDORegulatorVoltageLevel
 .text.SPC_SetActiveModeCoreLDORegulatorDriveStrength
                0x00004bb0       0x5e ./drivers/fsl_spc.o
                0x00004bb0                SPC_SetActiveModeCoreLDORegulatorDriveStrength
 .text.SPC_SetActiveModeDCDCRegulatorDriveStrength
                0x00004c0e       0x48 ./drivers/fsl_spc.o
                0x00004c0e                SPC_SetActiveModeDCDCRegulatorDriveStrength
 .text.SystemInitHook
                0x00004c56        0xe ./device/system_MCXN947_cm33_core0.o
                0x00004c56                SystemInitHook
 .text.HAL_UartGetStatus
                0x00004c64       0x28 ./component/uart/fsl_adapter_lpuart.o
 .text.CLOCK_EnableClock
                0x00004c8c       0x94 ./board/clock_config.o
 .text.BOARD_InitBootClocks
                0x00004d20        0xc ./board/clock_config.o
                0x00004d20                BOARD_InitBootClocks
 .text.BOARD_InitHardware
                0x00004d2c       0x36 ./board/hardware_init.o
                0x00004d2c                BOARD_InitHardware
 .text.DrawRect
                0x00004d62       0x6c ./board/oled_shapes.o
                0x00004d62                DrawRect
 .text.DrawCurve
                0x00004dce       0x7e ./board/oled_shapes.o
                0x00004dce                DrawCurve
 .text.DrawTriangle
                0x00004e4c      0x1ca ./board/oled_shapes.o
                0x00004e4c                DrawTriangle
 .text.DrawEyelid
                0x00005016      0x10e ./board/oled_shapes.o
                0x00005016                DrawEyelid
 .text.DrawFace
                0x00005124       0xdc ./board/oled_shapes.o
                0x00005124                DrawFace
 .text.CLOCK_EnableClock
                0x00005200       0x94 ./board/pin_mux.o
 .text.PORT_SetPinMux
                0x00005294       0x3e ./board/pin_mux.o
 .text.BOARD_InitBootPins
                0x000052d2       0x10 ./board/pin_mux.o
                0x000052d2                BOARD_InitBootPins
 .text.OLED_SetPage
                0x000052e2       0x28 ./board/shield_oled.o
                0x000052e2                OLED_SetPage
 .text.OLED_SetSeg
                0x0000530a       0x38 ./board/shield_oled.o
                0x0000530a                OLED_SetSeg
 .text.OLED_FillDisplay
                0x00005342       0x6e ./board/shield_oled.o
                0x00005342                OLED_FillDisplay
 .text.__main   0x000053b0        0xe C:/nxp/MCUXpressoIDE_25.6.136/ide/plugins/com.nxp.mcuxpresso.tools.win32_25.6.0.202501151204/tools/bin/../lib/gcc/arm-none-eabi/14.2.1/../../../../arm-none-eabi/lib/thumb/v8-m.main+fp/hard\libcr_nohost_nf.a(_cr__main.o)
                0x000053b0                __main
 .text.memset   0x000053be        0x4 C:/nxp/MCUXpressoIDE_25.6.136/ide/plugins/com.nxp.mcuxpresso.tools.win32_25.6.0.202501151204/tools/bin/../lib/gcc/arm-none-eabi/14.2.1/../../../../arm-none-eabi/lib/thumb/v8-m.main+fp/hard\libcr_c.a(memset.o)
                0x000053be                memset
 .text.free     0x000053c2       0x30 C:/nxp/MCUXpressoIDE_25.6.136/ide/plugins/com.nxp.mcuxpresso.tools.win32_25.6.0.202501151204/tools/bin/../lib/gcc/arm-none-eabi/14.2.1/../../../../arm-none-eabi/lib/thumb/v8-m.main+fp/hard\libcr_c.a(alloc.o)
                0x000053c2                free
 .text.setvbuf  0x000053f2       0x3e C:/nxp/MCUXpressoIDE_25.6.136/ide/plugins/com.nxp.mcuxpresso.tools.win32_25.6.0.202501151204/tools/bin/../lib/gcc/arm-none-eabi/14.2.1/../../../../arm-none-eabi/lib/thumb/v8-m.main+fp/hard\libcr_c.a(setvbuf.o)
                0x000053f2                setvbuf
 .text.strlen   0x00005430       0x4e C:/nxp/MCUXpressoIDE_25.6.136/ide/plugins/com.nxp.mcuxpresso.tools.win32_25.6.0.202501151204/tools/bin/../lib/gcc/arm-none-eabi/14.2.1/../../../../arm-none-eabi/lib/thumb/v8-m.main+fp/hard\libcr_c.a(strlen.o)
                0x00005430                strlen
 .text._deferredlazyseek
                0x0000547e       0x40 C:/nxp/MCUXpressoIDE_25.6.136/ide/plugins/com.nxp.mcuxpresso.tools.win32_25.6.0.202501151204/tools/bin/../lib/gcc/arm-none-eabi/14.2.1/../../../../arm-none-eabi/lib/thumb/v8-m.main+fp/hard\libcr_c.a(_deferredlazyseek.o)
                0x0000547e                _deferredlazyseek
 .text._fdopen  0x000054be       0x68 C:/nxp/MCUXpressoIDE_25.6.136/ide/plugins/com.nxp.mcuxpresso.tools.win32_25.6.0.202501151204/tools/bin/../lib/gcc/arm-none-eabi/14.2.1/../../../../arm-none-eabi/lib/thumb/v8-m.main+fp/hard\libcr_c.a(_fdopen.o)
                0x000054be                _fdopen
 .text._fflush  0x00005526       0x52 C:/nxp/MCUXpressoIDE_25.6.136/ide/plugins/com.nxp.mcuxpresso.tools.win32_25.6.0.202501151204/tools/bin/../lib/gcc/arm-none-eabi/14.2.1/../../../../arm-none-eabi/lib/thumb/v8-m.main+fp/hard\libcr_c.a(_fflush.o)
                0x00005526                _fflush
 .text.fclose   0x00005578       0x58 C:/nxp/MCUXpressoIDE_25.6.136/ide/plugins/com.nxp.mcuxpresso.tools.win32_25.6.0.202501151204/tools/bin/../lib/gcc/arm-none-eabi/14.2.1/../../../../arm-none-eabi/lib/thumb/v8-m.main+fp/hard\libcr_c.a(fclose.o)
                0x00005578                fclose
 .text.remove   0x000055d0       0x14 C:/nxp/MCUXpressoIDE_25.6.136/ide/plugins/com.nxp.mcuxpresso.tools.win32_25.6.0.202501151204/tools/bin/../lib/gcc/arm-none-eabi/14.2.1/../../../../arm-none-eabi/lib/thumb/v8-m.main+fp/hard\libcr_c.a(remove.o)
                0x000055d0                remove
 .text._do_fflush
                0x000055e4       0x40 C:/nxp/MCUXpressoIDE_25.6.136/ide/plugins/com.nxp.mcuxpresso.tools.win32_25.6.0.202501151204/tools/bin/../lib/gcc/arm-none-eabi/14.2.1/../../../../arm-none-eabi/lib/thumb/v8-m.main+fp/hard\libcr_c.a(_do_fflush.o)
                0x000055e4                _do_fflush
 .text.__aeabi_division_uldivmod
                0x00005624      0x174 C:/nxp/MCUXpressoIDE_25.6.136/ide/plugins/com.nxp.mcuxpresso.tools.win32_25.6.0.202501151204/tools/bin/../lib/gcc/arm-none-eabi/14.2.1/thumb/v8-m.main+fp/hard\libcr_eabihelpers.a(division_64.o)
                0x00005624                __aeabi_uldivmod
                0x00005628                __bhs_ldivmod1
 .text.__aeabi_division_idiv0
                0x00005798        0x2 C:/nxp/MCUXpressoIDE_25.6.136/ide/plugins/com.nxp.mcuxpresso.tools.win32_25.6.0.202501151204/tools/bin/../lib/gcc/arm-none-eabi/14.2.1/thumb/v8-m.main+fp/hard\libcr_eabihelpers.a(division_idiv0.o)
                0x00005798                __aeabi_idiv0
 .text.__aeabi_d2uiz
                0x0000579a       0x34 C:/nxp/MCUXpressoIDE_25.6.136/ide/plugins/com.nxp.mcuxpresso.tools.win32_25.6.0.202501151204/tools/bin/../lib/gcc/arm-none-eabi/14.2.1/thumb/v8-m.main+fp/hard\libcr_eabihelpers.a(double.o)
                0x0000579a                __aeabi_d2uiz
 .text.__bhs_ui2d
                0x000057ce       0x46 C:/nxp/MCUXpressoIDE_25.6.136/ide/plugins/com.nxp.mcuxpresso.tools.win32_25.6.0.202501151204/tools/bin/../lib/gcc/arm-none-eabi/14.2.1/thumb/v8-m.main+fp/hard\libcr_eabihelpers.a(double.o)
                0x000057ce                __bhs_ui2d
 .text.__aeabi_i2d
                0x00005814       0x10 C:/nxp/MCUXpressoIDE_25.6.136/ide/plugins/com.nxp.mcuxpresso.tools.win32_25.6.0.202501151204/tools/bin/../lib/gcc/arm-none-eabi/14.2.1/thumb/v8-m.main+fp/hard\libcr_eabihelpers.a(double.o)
                0x00005814                __aeabi_i2d
 .text.__aeabi_f2ulz
                0x00005824       0x3e C:/nxp/MCUXpressoIDE_25.6.136/ide/plugins/com.nxp.mcuxpresso.tools.win32_25.6.0.202501151204/tools/bin/../lib/gcc/arm-none-eabi/14.2.1/thumb/v8-m.main+fp/hard\libcr_eabihelpers.a(float.o)
                0x00005824                __aeabi_f2ulz
 .text.__aeabi_memset_lowlevel
                0x00005862       0x32 C:/nxp/MCUXpressoIDE_25.6.136/ide/plugins/com.nxp.mcuxpresso.tools.win32_25.6.0.202501151204/tools/bin/../lib/gcc/arm-none-eabi/14.2.1/thumb/v8-m.main+fp/hard\libcr_eabihelpers.a(memcpy.o)
                0x00005862                __aeabi_lowlevel_memset
 .text.__sys_close
                0x00005894        0x6 C:/nxp/MCUXpressoIDE_25.6.136/ide/plugins/com.nxp.mcuxpresso.tools.win32_25.6.0.202501151204/tools/bin/../lib/gcc/arm-none-eabi/14.2.1/../../../../arm-none-eabi/lib/thumb/v8-m.main+fp/hard\libcr_nohost_nf.a(__sys_close.o)
                0x00005894                __sys_close
 .text.__sys_flen
                0x0000589a        0x6 C:/nxp/MCUXpressoIDE_25.6.136/ide/plugins/com.nxp.mcuxpresso.tools.win32_25.6.0.202501151204/tools/bin/../lib/gcc/arm-none-eabi/14.2.1/../../../../arm-none-eabi/lib/thumb/v8-m.main+fp/hard\libcr_nohost_nf.a(__sys_flen.o)
                0x0000589a                __sys_flen
 .text.__sys_istty
                0x000058a0        0x6 C:/nxp/MCUXpressoIDE_25.6.136/ide/plugins/com.nxp.mcuxpresso.tools.win32_25.6.0.202501151204/tools/bin/../lib/gcc/arm-none-eabi/14.2.1/../../../../arm-none-eabi/lib/thumb/v8-m.main+fp/hard\libcr_nohost_nf.a(__sys_istty.o)
                0x000058a0                __sys_istty
 .text.__sys_remove
                0x000058a6        0x6 C:/nxp/MCUXpressoIDE_25.6.136/ide/plugins/com.nxp.mcuxpresso.tools.win32_25.6.0.202501151204/tools/bin/../lib/gcc/arm-none-eabi/14.2.1/../../../../arm-none-eabi/lib/thumb/v8-m.main+fp/hard\libcr_nohost_nf.a(__sys_remove.o)
                0x000058a6                __sys_remove
 .text.__sys_seek
                0x000058ac        0x6 C:/nxp/MCUXpressoIDE_25.6.136/ide/plugins/com.nxp.mcuxpresso.tools.win32_25.6.0.202501151204/tools/bin/../lib/gcc/arm-none-eabi/14.2.1/../../../../arm-none-eabi/lib/thumb/v8-m.main+fp/hard\libcr_nohost_nf.a(__sys_seek.o)
                0x000058ac                __sys_seek
 .text.__sys_tmpnam
                0x000058b2        0x6 C:/nxp/MCUXpressoIDE_25.6.136/ide/plugins/com.nxp.mcuxpresso.tools.win32_25.6.0.202501151204/tools/bin/../lib/gcc/arm-none-eabi/14.2.1/../../../../arm-none-eabi/lib/thumb/v8-m.main+fp/hard\libcr_nohost_nf.a(__sys_tmpnam.o)
                0x000058b2                __sys_tmpnam
 .text.__sys_write
                0x000058b8        0x4 C:/nxp/MCUXpressoIDE_25.6.136/ide/plugins/com.nxp.mcuxpresso.tools.win32_25.6.0.202501151204/tools/bin/../lib/gcc/arm-none-eabi/14.2.1/../../../../arm-none-eabi/lib/thumb/v8-m.main+fp/hard\libcr_nohost_nf.a(__sys_write.o)
                0x000058b8                __sys_write
 *(SORT_BY_ALIGNMENT(.rodata) SORT_BY_ALIGNMENT(.rodata.*) SORT_BY_ALIGNMENT(.constdata) SORT_BY_ALIGNMENT(.constdata.*))
 .rodata.__assertion_failed.str1.4
                0x000058bc      0x6bb ./utilities/fsl_assert.o
                                 0x14 (size before relaxing)
 .rodata.SDK_DelayAtLeastUs.str1.4
                0x00005f77       0x2b ./drivers/fsl_common_arm.o
 *fill*         0x00005f77        0x1 ff
 .rodata.s_gpioBases
                0x00005f78       0x30 ./drivers/fsl_gpio.o
 .rodata.s_gpioClockName
                0x00005fa8        0xc ./drivers/fsl_gpio.o
 .rodata.GPIO_GetInstance.str1.4
                0x00005fb4       0x34 ./drivers/fsl_gpio.o
 .rodata.GPIO_PortClockEnable.str1.4
                0x00005fb4       0x38 ./drivers/fsl_gpio.o
 .rodata.GPIO_PinInit.str1.4
                0x00005fb4       0x20 ./drivers/fsl_gpio.o
 .rodata.s_lpflexcommBaseAddrs
                0x00005fb4       0x28 ./drivers/fsl_lpflexcomm.o
 .rodata.s_lpflexcommBase
                0x00005fdc       0x28 ./drivers/fsl_lpflexcomm.o
 .rodata.s_lpflexcommClocks
                0x00006004       0x14 ./drivers/fsl_lpflexcomm.o
 .rodata.s_lpflexcommResets
                0x00006018       0x28 ./drivers/fsl_lpflexcomm.o
 .rodata.LP_FLEXCOMM_SetPeriph.str1.4
                0x00006040       0x43 ./drivers/fsl_lpflexcomm.o
 .rodata.LP_FLEXCOMM_Init.str1.4
                0x00006040       0x49 ./drivers/fsl_lpflexcomm.o
 .rodata.kLpi2cBases
                0x00006040       0x28 ./drivers/fsl_lpi2c.o
 .rodata.kLpi2cClocks
                0x00006068       0x14 ./drivers/fsl_lpi2c.o
 .rodata.LPI2C_GetInstance.str1.4
                0x0000607c       0x35 ./drivers/fsl_lpi2c.o
 .rodata.LPI2C_GetCyclesForWidth.str1.4
                0x0000607c       0x26 ./drivers/fsl_lpi2c.o
 .rodata.LPI2C_MasterInit.str1.4
                0x0000607c       0x18 ./drivers/fsl_lpi2c.o
 .rodata.LPI2C_MasterSend.str1.4
                0x0000607c       0x21 ./drivers/fsl_lpi2c.o
 .rodata.s_lpuartBases
                0x0000607c       0x28 ./drivers/fsl_lpuart.o
 .rodata.LPUART_GetInstance.str1.4
                0x000060a4       0x38 ./drivers/fsl_lpuart.o
 .rodata.LPUART_Init.str1.4
                0x000060a4      0x10a ./drivers/fsl_lpuart.o
 .rodata.LPUART_GetDefaultConfig.str1.4
                0x000060a4       0x22 ./drivers/fsl_lpuart.o
 .rodata.LPUART_WriteBlocking.str1.4
                0x000060a4       0x21 ./drivers/fsl_lpuart.o
 .rodata.LPUART_ReadBlocking.str1.4
                0x000060a4       0x21 ./drivers/fsl_lpuart.o
 .rodata.RESET_ClearPeripheralReset.str1.4
                0x000060a4       0x1e ./drivers/fsl_reset.o
 .rodata.SPC_SetSRAMOperateVoltage.str1.4
                0x000060a4       0x1f ./drivers/fsl_spc.o
 .rodata.SPC_SetActiveModeCoreLDORegulatorConfig.str1.4
                0x000060a4       0x1f ./drivers/fsl_spc.o
 .rodata.SPC_SetActiveModeDCDCRegulatorConfig.str1.4
                0x000060a4       0x20 ./drivers/fsl_spc.o
 .rodata.s_LpuartAdapterBase
                0x000060a4       0x28 ./component/uart/fsl_adapter_lpuart.o
 .rodata.HAL_UartInit.str1.4
                0x000060cc      0x116 ./component/uart/fsl_adapter_lpuart.o
 .rodata.HAL_UartReceiveBlocking.str1.4
                0x000060cc       0x7b ./component/uart/fsl_adapter_lpuart.o
 .rodata.HAL_UartSendBlocking.str1.4
                0x000060cc       0x7b ./component/uart/fsl_adapter_lpuart.o
 .rodata        0x000060cc       0x22 ./board/clock_config.o
 .rodata.PORT_SetPinConfig.str1.4
                0x000060ee       0x83 ./board/pin_mux.o
 *fill*         0x000060ee        0x2 ff
 .rodata        0x000060f0       0x1b ./board/shield_oled.o
 *fill*         0x0000610b        0x1 ff
 .rodata.__num_Ciob_streams
                0x0000610c        0x4 C:/nxp/MCUXpressoIDE_25.6.136/ide/plugins/com.nxp.mcuxpresso.tools.win32_25.6.0.202501151204/tools/bin/../lib/gcc/arm-none-eabi/14.2.1/../../../../arm-none-eabi/lib/thumb/v8-m.main+fp/hard\libcr_nohost_nf.a(__ciob.o)
                0x0000610c                __num_Ciob_streams
 .rodata._initio.str1.1
                0x00006110        0x4 C:/nxp/MCUXpressoIDE_25.6.136/ide/plugins/com.nxp.mcuxpresso.tools.win32_25.6.0.202501151204/tools/bin/../lib/gcc/arm-none-eabi/14.2.1/../../../../arm-none-eabi/lib/thumb/v8-m.main+fp/hard\libcr_c.a(initio.o)
                0x00006114                        . = ALIGN (0x4)

.glue_7         0x00006114        0x0
 .glue_7        0x00006114        0x0 linker stubs

.glue_7t        0x00006114        0x0
 .glue_7t       0x00006114        0x0 linker stubs

.vfp11_veneer   0x00006114        0x0
 .vfp11_veneer  0x00006114        0x0 linker stubs

.v4_bx          0x00006114        0x0
 .v4_bx         0x00006114        0x0 linker stubs

.iplt           0x00006114        0x0
 .iplt          0x00006114        0x0 ./utilities/debug_console_lite/fsl_debug_console.o

.rel.dyn        0x00006114        0x0
 .rel.iplt      0x00006114        0x0 ./utilities/debug_console_lite/fsl_debug_console.o

.ARM.extab
 *(SORT_BY_ALIGNMENT(.ARM.extab*) SORT_BY_ALIGNMENT(.gnu.linkonce.armextab.*))

.ARM.exidx      0x00006114        0x0
                0x00006114                        __exidx_start = .
 *(SORT_BY_ALIGNMENT(.ARM.exidx*) SORT_BY_ALIGNMENT(.gnu.linkonce.armexidx.*))
                0x00006114                        __exidx_end = .
                0x00006114                        _etext = .

.m_usb_data
 *(SORT_BY_ALIGNMENT(m_usb_global))

.data_RAM2      0x04000000        0x0 load address 0x00006114
 FILL mask 0xff
                [!provide]                        PROVIDE (__start_data_RAM2 = .)
                [!provide]                        PROVIDE (__start_data_SRAMX = .)
 *(SORT_BY_ALIGNMENT(.ramfunc.$RAM2))
 *(SORT_BY_ALIGNMENT(.ramfunc.$SRAMX))
 *(SORT_BY_ALIGNMENT(.data.$RAM2))
 *(SORT_BY_ALIGNMENT(.data.$SRAMX))
 *(SORT_BY_ALIGNMENT(.data.$RAM2.*))
 *(SORT_BY_ALIGNMENT(.data.$SRAMX.*))
                0x04000000                        . = ALIGN (0x4)
                [!provide]                        PROVIDE (__end_data_RAM2 = .)
                [!provide]                        PROVIDE (__end_data_SRAMX = .)

.data_RAM3      0x20060000        0x0 load address 0x00006114
 FILL mask 0xff
                [!provide]                        PROVIDE (__start_data_RAM3 = .)
                [!provide]                        PROVIDE (__start_data_SRAMH = .)
 *(SORT_BY_ALIGNMENT(.ramfunc.$RAM3))
 *(SORT_BY_ALIGNMENT(.ramfunc.$SRAMH))
 *(SORT_BY_ALIGNMENT(.data.$RAM3))
 *(SORT_BY_ALIGNMENT(.data.$SRAMH))
 *(SORT_BY_ALIGNMENT(.data.$RAM3.*))
 *(SORT_BY_ALIGNMENT(.data.$SRAMH.*))
                0x20060000                        . = ALIGN (0x4)
                [!provide]                        PROVIDE (__end_data_RAM3 = .)
                [!provide]                        PROVIDE (__end_data_SRAMH = .)

.data_RAM4      0x400ba000        0x0 load address 0x00006114
 FILL mask 0xff
                [!provide]                        PROVIDE (__start_data_RAM4 = .)
                [!provide]                        PROVIDE (__start_data_USB_RAM = .)
 *(SORT_BY_ALIGNMENT(.ramfunc.$RAM4))
 *(SORT_BY_ALIGNMENT(.ramfunc.$USB_RAM))
 *(SORT_BY_ALIGNMENT(.data.$RAM4))
 *(SORT_BY_ALIGNMENT(.data.$USB_RAM))
 *(SORT_BY_ALIGNMENT(.data.$RAM4.*))
 *(SORT_BY_ALIGNMENT(.data.$USB_RAM.*))
                0x400ba000                        . = ALIGN (0x4)
                [!provide]                        PROVIDE (__end_data_RAM4 = .)
                [!provide]                        PROVIDE (__end_data_USB_RAM = .)

.uninit_RESERVED
                0x20000000        0x0
                0x20000000                        _start_uninit_RESERVED = .
 *(SORT_BY_ALIGNMENT(.bss.$RESERVED*))
                0x20000000                        . = ALIGN (0x4)
                0x20000000                        _end_uninit_RESERVED = .

.data           0x20000000       0xf0 load address 0x00006114
 FILL mask 0xff
                0x20000000                        _data = .
                [!provide]                        PROVIDE (__start_data_RAM = .)
                [!provide]                        PROVIDE (__start_data_SRAM = .)
 *(SORT_BY_ALIGNMENT(vtable))
 *(SORT_BY_ALIGNMENT(.ramfunc*))
 *(SORT_BY_ALIGNMENT(CodeQuickAccess))
 *(SORT_BY_ALIGNMENT(DataQuickAccess))
 *(SORT_BY_ALIGNMENT(RamFunction))
 *(SORT_BY_ALIGNMENT(.data*))
 .data.s_Ext_Clk_Freq
                0x20000000        0x4 ./drivers/fsl_clock.o
 .data.s_Xtal32_Freq
                0x20000004        0x4 ./drivers/fsl_clock.o
 .data.SystemCoreClock
                0x20000008        0x4 ./device/system_MCXN947_cm33_core0.o
                0x20000008                SystemCoreClock
 .data._random_k
                0x2000000c        0x4 C:/nxp/MCUXpressoIDE_25.6.136/ide/plugins/com.nxp.mcuxpresso.tools.win32_25.6.0.202501151204/tools/bin/../lib/gcc/arm-none-eabi/14.2.1/../../../../arm-none-eabi/lib/thumb/v8-m.main+fp/hard\libcr_c.a(stdlib.o)
 .data._random_j
                0x20000010        0x4 C:/nxp/MCUXpressoIDE_25.6.136/ide/plugins/com.nxp.mcuxpresso.tools.win32_25.6.0.202501151204/tools/bin/../lib/gcc/arm-none-eabi/14.2.1/../../../../arm-none-eabi/lib/thumb/v8-m.main+fp/hard\libcr_c.a(stdlib.o)
 .data._random_number_seed
                0x20000014       0xdc C:/nxp/MCUXpressoIDE_25.6.136/ide/plugins/com.nxp.mcuxpresso.tools.win32_25.6.0.202501151204/tools/bin/../lib/gcc/arm-none-eabi/14.2.1/../../../../arm-none-eabi/lib/thumb/v8-m.main+fp/hard\libcr_c.a(stdlib.o)
                0x200000f0                        . = ALIGN (0x4)
                0x200000f0                        _edata = .
                [!provide]                        PROVIDE (__end_data_RAM = .)
                [!provide]                        PROVIDE (__end_data_SRAM = .)

.igot.plt       0x200000f0        0x0 load address 0x00006204
 .igot.plt      0x200000f0        0x0 ./utilities/debug_console_lite/fsl_debug_console.o

.bss_RAM2       0x04000000        0x0
                [!provide]                        PROVIDE (__start_bss_RAM2 = .)
                [!provide]                        PROVIDE (__start_bss_SRAMX = .)
 *(SORT_BY_ALIGNMENT(.bss.$RAM2))
 *(SORT_BY_ALIGNMENT(.bss.$SRAMX))
 *(SORT_BY_ALIGNMENT(.bss.$RAM2.*))
 *(SORT_BY_ALIGNMENT(.bss.$SRAMX.*))
                0x04000000                        . = ALIGN ((. != 0x0)?0x4:0x1)
                [!provide]                        PROVIDE (__end_bss_RAM2 = .)
                [!provide]                        PROVIDE (__end_bss_SRAMX = .)

.bss_RAM3       0x20060000        0x0
                [!provide]                        PROVIDE (__start_bss_RAM3 = .)
                [!provide]                        PROVIDE (__start_bss_SRAMH = .)
 *(SORT_BY_ALIGNMENT(.bss.$RAM3))
 *(SORT_BY_ALIGNMENT(.bss.$SRAMH))
 *(SORT_BY_ALIGNMENT(.bss.$RAM3.*))
 *(SORT_BY_ALIGNMENT(.bss.$SRAMH.*))
                0x20060000                        . = ALIGN ((. != 0x0)?0x4:0x1)
                [!provide]                        PROVIDE (__end_bss_RAM3 = .)
                [!provide]                        PROVIDE (__end_bss_SRAMH = .)

.bss_RAM4       0x400ba000        0x0
                [!provide]                        PROVIDE (__start_bss_RAM4 = .)
                [!provide]                        PROVIDE (__start_bss_USB_RAM = .)
 *(SORT_BY_ALIGNMENT(.bss.$RAM4))
 *(SORT_BY_ALIGNMENT(.bss.$USB_RAM))
 *(SORT_BY_ALIGNMENT(.bss.$RAM4.*))
 *(SORT_BY_ALIGNMENT(.bss.$USB_RAM.*))
                0x400ba000                        . = ALIGN ((. != 0x0)?0x4:0x1)
                [!provide]                        PROVIDE (__end_bss_RAM4 = .)
                [!provide]                        PROVIDE (__end_bss_USB_RAM = .)

.bss            0x200000f0      0x614
                0x200000f0                        _bss = .
                [!provide]                        PROVIDE (__start_bss_RAM = .)
                [!provide]                        PROVIDE (__start_bss_SRAM = .)
 *(SORT_BY_ALIGNMENT(.bss*))
 .bss.s_debugConsole
                0x200000f0       0x14 ./utilities/debug_console_lite/fsl_debug_console.o
 .bss.t.1       0x20000104        0x4 ./source/hello_world.o
 .bss.s_lpflexcommIrqHandler
                0x20000108       0xa0 ./drivers/fsl_lpflexcomm.o
 .bss.s_lpflexcommHandle
                0x200001a8       0xa0 ./drivers/fsl_lpflexcomm.o
 .bss.oled_fb   0x20000248      0x400 ./board/oled_shapes.o
 .bss.errno     0x20000648        0x4 C:/nxp/MCUXpressoIDE_25.6.136/ide/plugins/com.nxp.mcuxpresso.tools.win32_25.6.0.202501151204/tools/bin/../lib/gcc/arm-none-eabi/14.2.1/../../../../arm-none-eabi/lib/thumb/v8-m.main+fp/hard\libcr_c.a(errno.o)
                0x20000648                errno
 .bss.__Ciob    0x2000064c       0xb4 C:/nxp/MCUXpressoIDE_25.6.136/ide/plugins/com.nxp.mcuxpresso.tools.win32_25.6.0.202501151204/tools/bin/../lib/gcc/arm-none-eabi/14.2.1/../../../../arm-none-eabi/lib/thumb/v8-m.main+fp/hard\libcr_nohost_nf.a(__ciob.o)
                0x2000064c                __Ciob
 .bss.closed    0x20000700        0x1 ./board/animations.o
 .bss.blink.0   0x20000701        0x1 ./board/emotions.o
 *(SORT_BY_ALIGNMENT(COMMON))
                0x20000704                        . = ALIGN (0x4)
 *fill*         0x20000702        0x2 
                0x20000704                        _ebss = .
                [!provide]                        PROVIDE (__end_bss_RAM = .)
                [!provide]                        PROVIDE (__end_bss_SRAM = .)
                [!provide]                        PROVIDE (end = .)

.noinit_RAM2    0x04000000        0x0
                [!provide]                        PROVIDE (__start_noinit_RAM2 = .)
                [!provide]                        PROVIDE (__start_noinit_SRAMX = .)
 *(SORT_BY_ALIGNMENT(.noinit.$RAM2))
 *(SORT_BY_ALIGNMENT(.noinit.$SRAMX))
 *(SORT_BY_ALIGNMENT(.noinit.$RAM2.*))
 *(SORT_BY_ALIGNMENT(.noinit.$SRAMX.*))
                0x04000000                        . = ALIGN (0x4)
                [!provide]                        PROVIDE (__end_noinit_RAM2 = .)
                [!provide]                        PROVIDE (__end_noinit_SRAMX = .)

.noinit_RAM3    0x20060000        0x0
                [!provide]                        PROVIDE (__start_noinit_RAM3 = .)
                [!provide]                        PROVIDE (__start_noinit_SRAMH = .)
 *(SORT_BY_ALIGNMENT(.noinit.$RAM3))
 *(SORT_BY_ALIGNMENT(.noinit.$SRAMH))
 *(SORT_BY_ALIGNMENT(.noinit.$RAM3.*))
 *(SORT_BY_ALIGNMENT(.noinit.$SRAMH.*))
                0x20060000                        . = ALIGN (0x4)
                [!provide]                        PROVIDE (__end_noinit_RAM3 = .)
                [!provide]                        PROVIDE (__end_noinit_SRAMH = .)

.noinit_RAM4    0x400ba000        0x0
                [!provide]                        PROVIDE (__start_noinit_RAM4 = .)
                [!provide]                        PROVIDE (__start_noinit_USB_RAM = .)
 *(SORT_BY_ALIGNMENT(.noinit.$RAM4))
 *(SORT_BY_ALIGNMENT(.noinit.$USB_RAM))
 *(SORT_BY_ALIGNMENT(.noinit.$RAM4.*))
 *(SORT_BY_ALIGNMENT(.noinit.$USB_RAM.*))
                0x400ba000                        . = ALIGN (0x4)
                [!provide]                        PROVIDE (__end_noinit_RAM4 = .)
                [!provide]                        PROVIDE (__end_noinit_USB_RAM = .)

.noinit         0x20000704        0x0
                0x20000704                        _noinit = .
                [!provide]                        PROVIDE (__start_noinit_RAM = .)
                [!provide]                        PROVIDE (__start_noinit_SRAM = .)
 *(SORT_BY_ALIGNMENT(.noinit*))
                0x20000704                        . = ALIGN (0x4)
                0x20000704                        _end_noinit = .
                [!provide]                        PROVIDE (__end_noinit_RAM = .)
                [!provide]                        PROVIDE (__end_noinit_SRAM = .)
                0x00001000                        _HeapSize = 0x1000

.heap           0x20000704     0x1000
                0x20000704                        _pvHeapStart = .
                0x20001704                        . = (. + _HeapSize)
 *fill*         0x20000704     0x1000 
                0x20001704                        . = ALIGN (0x4)
                0x20001704                        _pvHeapLimit = .
                0x00001000                        _StackSize = 0x1000

.heap2stackfill
                0x20001704     0x1000
                0x20002704                        . = (. + _StackSize)
 *fill*         0x20001704     0x1000 

.stack          0x2005f000        0x0
                0x2005f000                        _vStackBase = .
                0x2005f000                        . = ALIGN (0x4)
                0x20060000                        _vStackTop = (. + _StackSize)
                0x00000000                        _image_start = LOADADDR (.text)
                0x00006204                        _image_end = (LOADADDR (.data) + SIZEOF (.data))
                0x00006204                        _image_size = (_image_end - _image_start)
OUTPUT(frdmmcxn947_hello_world_cm33_core0_-demo.axf elf32-littlearm)
LOAD linker stubs

.debug_info     0x00000000    0x26823
 .debug_info    0x00000000      0xd1e ./utilities/debug_console_lite/fsl_debug_console.o
 .debug_info    0x00000d1e      0x1c9 ./utilities/fsl_assert.o
 .debug_info    0x00000ee7       0x24 ./utilities/fsl_memcpy.o
 .debug_info    0x00000f0b     0x14b6 ./startup/startup_mcxn947_cm33_core0.o
 .debug_info    0x000023c1      0xe64 ./source/hello_world.o
 .debug_info    0x00003225       0x3c ./source/semihost_hardfault.o
 .debug_info    0x00003261     0x5211 ./drivers/fsl_clock.o
 .debug_info    0x00008472      0x38b ./drivers/fsl_common_arm.o
 .debug_info    0x000087fd     0x1c50 ./drivers/fsl_gpio.o
 .debug_info    0x0000a44d     0x238b ./drivers/fsl_lpflexcomm.o
 .debug_info    0x0000c7d8     0x3d34 ./drivers/fsl_lpi2c.o
 .debug_info    0x0001050c     0x241e ./drivers/fsl_lpuart.o
 .debug_info    0x0001292a     0x12e6 ./drivers/fsl_reset.o
 .debug_info    0x00013c10     0x1a73 ./drivers/fsl_spc.o
 .debug_info    0x00015683     0x1970 ./device/system_MCXN947_cm33_core0.o
 .debug_info    0x00016ff3      0xe77 ./component/uart/fsl_adapter_lpuart.o
 .debug_info    0x00017e6a      0x12f ./board/animations.o
 .debug_info    0x00017f99     0x12e0 ./board/board.o
 .debug_info    0x00019279     0x2b30 ./board/clock_config.o
 .debug_info    0x0001bda9      0x199 ./board/emotions.o
 .debug_info    0x0001bf42      0xcd5 ./board/hardware_init.o
 .debug_info    0x0001cc17      0x9e0 ./board/oled_shapes.o
 .debug_info    0x0001d5f7     0x19e7 ./board/pin_mux.o
 .debug_info    0x0001efde      0xd81 ./board/shield_oled.o
 .debug_info    0x0001fd5f       0x85 C:/nxp/MCUXpressoIDE_25.6.136/ide/plugins/com.nxp.mcuxpresso.tools.win32_25.6.0.202501151204/tools/bin/../lib/gcc/arm-none-eabi/14.2.1/../../../../arm-none-eabi/lib/thumb/v8-m.main+fp/hard\libcr_nohost_nf.a(_cr__main.o)
 .debug_info    0x0001fde4       0xfc C:/nxp/MCUXpressoIDE_25.6.136/ide/plugins/com.nxp.mcuxpresso.tools.win32_25.6.0.202501151204/tools/bin/../lib/gcc/arm-none-eabi/14.2.1/../../../../arm-none-eabi/lib/thumb/v8-m.main+fp/hard\libcr_c.a(memset.o)
 .debug_info    0x0001fee0      0x520 C:/nxp/MCUXpressoIDE_25.6.136/ide/plugins/com.nxp.mcuxpresso.tools.win32_25.6.0.202501151204/tools/bin/../lib/gcc/arm-none-eabi/14.2.1/../../../../arm-none-eabi/lib/thumb/v8-m.main+fp/hard\libcr_c.a(alloc.o)
 .debug_info    0x00020400       0x44 C:/nxp/MCUXpressoIDE_25.6.136/ide/plugins/com.nxp.mcuxpresso.tools.win32_25.6.0.202501151204/tools/bin/../lib/gcc/arm-none-eabi/14.2.1/../../../../arm-none-eabi/lib/thumb/v8-m.main+fp/hard\libcr_c.a(errno.o)